Component: ARM Compiler 5.06 update 6 (build 750) Tool: armlink [4d35ed]

==============================================================================

Section Cross References

    startup_stm32f10x_md.o(RESET) refers to startup_stm32f10x_md.o(STACK) for __initial_sp
    startup_stm32f10x_md.o(RESET) refers to startup_stm32f10x_md.o(.text) for Reset_Handler
    startup_stm32f10x_md.o(RESET) refers to stm32f10x_it.o(.text) for NMI_Handler
    startup_stm32f10x_md.o(.text) refers to system_stm32f10x.o(.text) for SystemInit
    startup_stm32f10x_md.o(.text) refers to entry.o(.ARM.Collect$$$$00000000) for __main
    main.o(.text) refers to usart2.o(.text) for Get_USART1_StopFlag
    main.o(.text) refers to led.o(.text) for LEDXToggle
    main.o(.text) refers to bq76930.o(.text) for Only_Open_DSG
    main.o(.text) refers to systick.o(.text) for SYSTICK_Init
    main.o(.text) refers to misc.o(.text) for NVIC_PriorityGroupConfig
    main.o(.text) refers to usart.o(.text) for uart_init
    main.o(.text) refers to io_ctrl.o(.text) for IO_CTRL_Config
    main.o(.text) refers to i2c1.o(.text) for I2C1_Configuration
    main.o(.text) refers to stm32f10x_gpio.o(.text) for GPIO_WriteBit
    main.o(.text) refers to timer.o(.text) for TIM2_Config
    main.o(.text) refers to can.o(.text) for CAN_Mode_Init
    main.o(.text) refers to wdg.o(.text) for IWDG_Init
    main.o(.text) refers to stm32f10x_it.o(.bss) for ucUSART1_ReceiveDataBuffer
    main.o(.text) refers to main.o(.data) for BMS_DATA_FLAG
    main.o(.text) refers to bq76930.o(.bss) for Batteryval
    stm32f10x_it.o(.text) refers to stm32f10x_usart.o(.text) for USART_GetITStatus
    stm32f10x_it.o(.text) refers to stm32f10x_tim.o(.text) for TIM_GetITStatus
    stm32f10x_it.o(.text) refers to usart2.o(.text) for Get_USART1_StopFlag
    stm32f10x_it.o(.text) refers to stm32f10x_it.o(.data) for nTime
    stm32f10x_it.o(.text) refers to stm32f10x_it.o(.bss) for ucUSART1_ReceiveDataBuffer
    stm32f10x_adc.o(.text) refers to stm32f10x_rcc.o(.text) for RCC_APB2PeriphResetCmd
    stm32f10x_bkp.o(.text) refers to stm32f10x_rcc.o(.text) for RCC_BackupResetCmd
    stm32f10x_can.o(.text) refers to stm32f10x_rcc.o(.text) for RCC_APB1PeriphResetCmd
    stm32f10x_cec.o(.text) refers to stm32f10x_rcc.o(.text) for RCC_APB1PeriphResetCmd
    stm32f10x_dac.o(.text) refers to stm32f10x_rcc.o(.text) for RCC_APB1PeriphResetCmd
    stm32f10x_gpio.o(.text) refers to stm32f10x_rcc.o(.text) for RCC_APB2PeriphResetCmd
    stm32f10x_i2c.o(.text) refers to stm32f10x_rcc.o(.text) for RCC_APB1PeriphResetCmd
    stm32f10x_pwr.o(.text) refers to stm32f10x_rcc.o(.text) for RCC_APB1PeriphResetCmd
    stm32f10x_rcc.o(.text) refers to stm32f10x_rcc.o(.data) for APBAHBPrescTable
    stm32f10x_spi.o(.text) refers to stm32f10x_rcc.o(.text) for RCC_APB2PeriphResetCmd
    stm32f10x_tim.o(.text) refers to stm32f10x_rcc.o(.text) for RCC_APB2PeriphResetCmd
    stm32f10x_usart.o(.text) refers to stm32f10x_rcc.o(.text) for RCC_APB2PeriphResetCmd
    stm32f10x_wwdg.o(.text) refers to stm32f10x_rcc.o(.text) for RCC_APB1PeriphResetCmd
    system_stm32f10x.o(.text) refers to system_stm32f10x.o(.data) for SystemCoreClock
    led.o(.text) refers to stm32f10x_rcc.o(.text) for RCC_APB2PeriphClockCmd
    led.o(.text) refers to stm32f10x_gpio.o(.text) for GPIO_Init
    systick.o(.text) refers to system_stm32f10x.o(.data) for SystemCoreClock
    systick.o(.text) refers to stm32f10x_it.o(.data) for nTime
    usart.o(.text) refers to usart.o(.data) for ok
    usart.o(.text) refers to usart.o(.bss) for rch
    usart.o(.text) refers to stm32f10x_usart.o(.text) for USART_SendData
    usart.o(.text) refers to stm32f10x_rcc.o(.text) for RCC_APB2PeriphClockCmd
    usart.o(.text) refers to stm32f10x_gpio.o(.text) for GPIO_Init
    usart.o(.text) refers to misc.o(.text) for NVIC_Init
    bq76930.o(.text) refers to i2c1.o(.text) for IIC1_read_one_byte
    bq76930.o(.text) refers to fflti.o(.text) for __aeabi_i2f
    bq76930.o(.text) refers to fadd.o(.text) for __aeabi_fadd
    bq76930.o(.text) refers to ffixi.o(.text) for __aeabi_f2iz
    bq76930.o(.text) refers to fdiv.o(.text) for __aeabi_fdiv
    bq76930.o(.text) refers to f2d.o(.text) for __aeabi_f2d
    bq76930.o(.text) refers to dadd.o(.text) for __aeabi_dadd
    bq76930.o(.text) refers to dfixui.o(.text) for __aeabi_d2uiz
    bq76930.o(.text) refers to systick.o(.text) for delay_ms
    bq76930.o(.text) refers to stm32f10x_gpio.o(.text) for GPIO_WriteBit
    bq76930.o(.text) refers to bq76930.o(.data) for ADC_GAIN
    bq76930.o(.text) refers to bq76930.o(.bss) for Batteryval
    bq76930.o(.text) refers to fmul.o(.text) for __aeabi_fmul
    bq76930.o(.text) refers to dfltui.o(.text) for __aeabi_ui2d
    bq76930.o(.text) refers to dmul.o(.text) for __aeabi_dmul
    bq76930.o(.text) refers to log.o(i.log) for log
    bq76930.o(.text) refers to ddiv.o(.text) for __aeabi_ddiv
    bq76930.o(.text) refers to d2f.o(.text) for __aeabi_d2f
[...]

Removing Unused input sections from the image.

    Removing startup_stm32f10x_md.o(HEAP), (512 bytes).
    Removing main.o(.constdata), (2 bytes).
    Removing stm32f10x_adc.o(.text), (1102 bytes).
    Removing stm32f10x_bkp.o(.text), (196 bytes).
    Removing stm32f10x_cec.o(.text), (288 bytes).
    Removing stm32f10x_crc.o(.text), (72 bytes).
    Removing stm32f10x_dac.o(.text), (396 bytes).
    Removing stm32f10x_dbgmcu.o(.text), (48 bytes).
    Removing stm32f10x_dma.o(.text), (596 bytes).
    Removing stm32f10x_exti.o(.text), (284 bytes).
    Removing stm32f10x_flash.o(.text), (1468 bytes).
    Removing stm32f10x_fsmc.o(.text), (1548 bytes).
    Removing stm32f10x_i2c.o(.text), (1028 bytes).
    Removing stm32f10x_pwr.o(.text), (204 bytes).
    Removing stm32f10x_rtc.o(.text), (328 bytes).
    Removing stm32f10x_sdio.o(.text), (468 bytes).
    Removing stm32f10x_spi.o(.text), (780 bytes).
    Removing stm32f10x_wwdg.o(.text), (136 bytes).
    Removing timer.o(.data), (4 bytes).

19 unused section(s) (total 9460 bytes) removed from the image.

==============================================================================

Image Symbol Table

    Local Symbols

    Symbol Name                              Value     Ov Type        Size  Object(Section)

    ../clib/../cmprslib/zerorunl2.c          0x00000000   Number         0  __dczerorl2.o ABSOLUTE
    ../clib/microlib/division.c              0x00000000   Number         0  uidiv.o ABSOLUTE
    ../clib/microlib/division.c              0x00000000   Number         0  uldiv.o ABSOLUTE
    ../clib/microlib/errno.c                 0x00000000   Number         0  errno.o ABSOLUTE
    ../clib/microlib/init/entry.s            0x00000000   Number         0  entry.o ABSOLUTE
    ../clib/microlib/init/entry.s            0x00000000   Number         0  entry10a.o ABSOLUTE
    ../clib/microlib/init/entry.s            0x00000000   Number         0  entry10b.o ABSOLUTE
    ../clib/microlib/init/entry.s            0x00000000   Number         0  entry11a.o ABSOLUTE
    ../clib/microlib/init/entry.s            0x00000000   Number         0  entry11b.o ABSOLUTE
    ../clib/microlib/init/entry.s            0x00000000   Number         0  entry5.o ABSOLUTE
    ../clib/microlib/init/entry.s            0x00000000   Number         0  entry7a.o ABSOLUTE
    ../clib/microlib/init/entry.s            0x00000000   Number         0  entry2.o ABSOLUTE
    ../clib/microlib/init/entry.s            0x00000000   Number         0  entry7b.o ABSOLUTE
    ../clib/microlib/init/entry.s            0x00000000   Number         0  entry8a.o ABSOLUTE
    ../clib/microlib/init/entry.s            0x00000000   Number         0  entry8b.o ABSOLUTE
    ../clib/microlib/init/entry.s            0x00000000   Number         0  entry9a.o ABSOLUTE
    ../clib/microlib/init/entry.s            0x00000000   Number         0  entry9b.o ABSOLUTE
    ../clib/microlib/longlong.c              0x00000000   Number         0  llsshr.o ABSOLUTE
    ../clib/microlib/longlong.c              0x00000000   Number         0  llshl.o ABSOLUTE
    ../clib/microlib/longlong.c              0x00000000   Number         0  llushr.o ABSOLUTE
    ../clib/microlib/printf/printf.c         0x00000000   Number         0  printf0.o ABSOLUTE
    ../clib/microlib/printf/printf.c         0x00000000   Number         0  printf8.o ABSOLUTE
    ../clib/microlib/printf/printf.c         0x00000000   Number         0  printf6.o ABSOLUTE
    ../clib/microlib/printf/printf.c         0x00000000   Number         0  printf5.o ABSOLUTE
    ../clib/microlib/printf/printf.c         0x00000000   Number         0  printf4.o ABSOLUTE
    ../clib/microlib/printf/printf.c         0x00000000   Number         0  printf3.o ABSOLUTE
    ../clib/microlib/printf/printf.c         0x00000000   Number         0  printf2.o ABSOLUTE
    ../clib/microlib/printf/printf.c         0x00000000   Number         0  printfb.o ABSOLUTE
    ../clib/microlib/printf/printf.c         0x00000000   Number         0  printf1.o ABSOLUTE
    ../clib/microlib/printf/printf.c         0x00000000   Number         0  printfa.o ABSOLUTE
    ../clib/microlib/printf/printf.c         0x00000000   Number         0  printf7.o ABSOLUTE
    ../clib/microlib/printf/stubs.s          0x00000000   Number         0  stubs.o ABSOLUTE
    ../clib/microlib/string/memset.c         0x00000000   Number         0  memseta.o ABSOLUTE
    ../clib/microlib/stubs.s                 0x00000000   Number         0  useno.o ABSOLUTE
    ../clib/microlib/stubs.s                 0x00000000   Number         0  iusefp.o ABSOLUTE
    ../fplib/microlib/d2f.c                  0x00000000   Number         0  d2f.o ABSOLUTE
    ../fplib/microlib/f2d.c                  0x00000000   Number         0  f2d.o ABSOLUTE
    ../fplib/microlib/fpadd.c                0x00000000   Number         0  dadd.o ABSOLUTE
    ../fplib/microlib/fpadd.c                0x00000000   Number         0  fadd.o ABSOLUTE
    ../fplib/microlib/fpdiv.c                0x00000000   Number         0  ddiv.o ABSOLUTE
    ../fplib/microlib/fpdiv.c                0x00000000   Number         0  fdiv.o ABSOLUTE
    ../fplib/microlib/fpepilogue.c           0x00000000   Number         0  depilogue.o ABSOLUTE
    ../fplib/microlib/fpepilogue.c           0x00000000   Number         0  fepilogue.o ABSOLUTE
    ../fplib/microlib/fpfix.c                0x00000000   Number         0  ffixi.o ABSOLUTE
    ../fplib/microlib/fpfix.c                0x00000000   Number         0  dfixul.o ABSOLUTE
    ../fplib/microlib/fpfix.c                0x00000000   Number         0  dfixui.o ABSOLUTE
    ../fplib/microlib/fpflt.c                0x00000000   Number         0  fflti.o ABSOLUTE
    ../fplib/microlib/fpflt.c                0x00000000   Number         0  dfltui.o ABSOLUTE
    ../fplib/microlib/fpflt.c                0x00000000   Number         0  dflti.o ABSOLUTE
    ../fplib/microlib/fpmul.c                0x00000000   Number         0  dmul.o ABSOLUTE
    ../fplib/microlib/fpmul.c                0x00000000   Number         0  fmul.o ABSOLUTE
    ../fplib/microlib/fpscalb.c              0x00000000   Number         0  dscalb.o ABSOLUTE
    ../mathlib/dunder.c                      0x00000000   Number         0  dunder.o ABSOLUTE
    ../mathlib/log.c                         0x00000000   Number         0  log_x.o ABSOLUTE
    ../mathlib/log.c                         0x00000000   Number         0  log.o ABSOLUTE
    ../mathlib/poly.c                        0x00000000   Number         0  poly.o ABSOLUTE
    ../mathlib/qnan.c                        0x00000000   Number         0  qnan.o ABSOLUTE
    ..\..\BSP\BQ76930.c                      0x00000000   Number         0  bq76930.o ABSOLUTE
    ..\..\BSP\IO_CTRL.c                      0x00000000   Number         0  io_ctrl.o ABSOLUTE
    ..\..\BSP\can.c                          0x00000000   Number         0  can.o ABSOLUTE
    ..\..\BSP\i2c1.c                         0x00000000   Number         0  i2c1.o ABSOLUTE
    ..\..\BSP\led.c                          0x00000000   Number         0  led.o ABSOLUTE
    ..\..\BSP\systick.c                      0x00000000   Number         0  systick.o ABSOLUTE
    ..\..\BSP\timer.c                        0x00000000   Number         0  timer.o ABSOLUTE
    ..\..\BSP\usart.c                        0x00000000   Number         0  usart.o ABSOLUTE
    ..\..\BSP\usart2.c                       0x00000000   Number         0  usart2.o ABSOLUTE
    ..\..\BSP\wdg.c                          0x00000000   Number         0  wdg.o ABSOLUTE
    ..\..\Libraries\CMSIS\CM3\DeviceSupport\ST\STM32F10x\startup\arm\startup_stm32f10x_md.s 0x00000000   Number         0  startup_stm32f10x_md.o ABSOLUTE
    ..\..\Libraries\CMSIS\CM3\DeviceSupport\ST\STM32F10x\system_stm32f10x.c 0x00000000   Number         0  system_stm32f10x.o ABSOLUTE
    ..\..\Libraries\STM32F10x_StdPeriph_Driver\src\misc.c 0x00000000   Number         0  misc.o ABSOLUTE
    ..\..\Libraries\STM32F10x_StdPeriph_Driver\src\stm32f10x_adc.c 0x00000000   Number         0  stm32f10x_adc.o ABSOLUTE
    ..\..\Libraries\STM32F10x_StdPeriph_Driver\src\stm32f10x_bkp.c 0x00000000   Number         0  stm32f10x_bkp.o ABSOLUTE
    ..\..\Libraries\STM32F10x_StdPeriph_Driver\src\stm32f10x_can.c 0x00000000   Number         0  stm32f10x_can.o ABSOLUTE
    ..\..\Libraries\STM32F10x_StdPeriph_Driver\src\stm32f10x_cec.c 0x00000000   Number         0  stm32f10x_cec.o ABSOLUTE
    ..\..\Libraries\STM32F10x_StdPeriph_Driver\src\stm32f10x_crc.c 0x00000000   Number         0  stm32f10x_crc.o ABSOLUTE
    ..\..\Libraries\STM32F10x_StdPeriph_Driver\src\stm32f10x_dac.c 0x00000000   Number         0  stm32f10x_dac.o ABSOLUTE
    ..\..\Libraries\STM32F10x_StdPeriph_Driver\src\stm32f10x_dbgmcu.c 0x00000000   Number         0  stm32f10x_dbgmcu.o ABSOLUTE
    ..\..\Libraries\STM32F10x_StdPeriph_Driver\src\stm32f10x_dma.c 0x00000000   Number         0  stm32f10x_dma.o ABSOLUTE
    ..\..\Libraries\STM32F10x_StdPeriph_Driver\src\stm32f10x_exti.c 0x00000000   Number         0  stm32f10x_exti.o ABSOLUTE
    ..\..\Libraries\STM32F10x_StdPeriph_Driver\src\stm32f10x_flash.c 0x00000000   Number         0  stm32f10x_flash.o ABSOLUTE
    ..\..\Libraries\STM32F10x_StdPeriph_Driver\src\stm32f10x_fsmc.c 0x00000000   Number         0  stm32f10x_fsmc.o ABSOLUTE
    ..\..\Libraries\STM32F10x_StdPeriph_Driver\src\stm32f10x_gpio.c 0x00000000   Number         0  stm32f10x_gpio.o ABSOLUTE
    ..\..\Libraries\STM32F10x_StdPeriph_Driver\src\stm32f10x_i2c.c 0x00000000   Number         0  stm32f10x_i2c.o ABSOLUTE
    ..\..\Libraries\STM32F10x_StdPeriph_Driver\src\stm32f10x_iwdg.c 0x00000000   Number         0  stm32f10x_iwdg.o ABSOLUTE
    ..\..\Libraries\STM32F10x_StdPeriph_Driver\src\stm32f10x_pwr.c 0x00000000   Number         0  stm32f10x_pwr.o ABSOLUTE
    ..\..\Libraries\STM32F10x_StdPeriph_Driver\src\stm32f10x_rcc.c 0x00000000   Number         0  stm32f10x_rcc.o ABSOLUTE
    ..\..\Libraries\STM32F10x_StdPeriph_Driver\src\stm32f10x_rtc.c 0x00000000   Number         0  stm32f10x_rtc.o ABSOLUTE
    ..\..\Libraries\STM32F10x_StdPeriph_Driver\src\stm32f10x_sdio.c 0x00000000   Number         0  stm32f10x_sdio.o ABSOLUTE
    ..\..\Libraries\STM32F10x_StdPeriph_Driver\src\stm32f10x_spi.c 0x00000000   Number         0  stm32f10x_spi.o ABSOLUTE
    ..\..\Libraries\STM32F10x_StdPeriph_Driver\src\stm32f10x_tim.c 0x00000000   Number         0  stm32f10x_tim.o ABSOLUTE
    ..\..\Libraries\STM32F10x_StdPeriph_Driver\src\stm32f10x_usart.c 0x00000000   Number         0  stm32f10x_usart.o ABSOLUTE
    ..\..\Libraries\STM32F10x_StdPeriph_Driver\src\stm32f10x_wwdg.c 0x00000000   Number         0  stm32f10x_wwdg.o ABSOLUTE
    ..\main.c                                0x00000000   Number         0  main.o ABSOLUTE
    ..\stm32f10x_it.c                        0x00000000   Number         0  stm32f10x_it.o ABSOLUTE
    cdcmple.s                                0x00000000   Number         0  cdcmple.o ABSOLUTE
    cdrcmple.s                               0x00000000   Number         0  cdrcmple.o ABSOLUTE
    dc.s                                     0x00000000   Number         0  dc.o ABSOLUTE
    handlers.s                               0x00000000   Number         0  handlers.o ABSOLUTE
    init.s                                   0x00000000   Number         0  init.o ABSOLUTE
    RESET                                    0x08000000   Section      236  startup_stm32f10x_md.o(RESET)
    .ARM.Collect$$$$00000000                 0x080000ec   Section        0  entry.o(.ARM.Collect$$$$00000000)
    .ARM.Collect$$$$00000001                 0x080000ec   Section        4  entry2.o(.ARM.Collect$$$$00000001)
    .ARM.Collect$$$$00000004                 0x080000f0   Section        4  entry5.o(.ARM.Collect$$$$00000004)
    .ARM.Collect$$$$00000008                 0x080000f4   Section        0  entry7b.o(.ARM.Collect$$$$00000008)
    .ARM.Collect$$$$0000000A                 0x080000f4   Section        0  entry8b.o(.ARM.Collect$$$$0000000A)
    .ARM.Collect$$$$0000000B                 0x080000f4   Section        8  entry9a.o(.ARM.Collect$$$$0000000B)
    .ARM.Collect$$$$0000000D                 0x080000fc   Section        0  entry10a.o(.ARM.Collect$$$$0000000D)
    .ARM.Collect$$$$0000000F                 0x080000fc   Section        0  entry11a.o(.ARM.Collect$$$$0000000F)
    .ARM.Collect$$$$00002712                 0x080000fc   Section        4  entry2.o(.ARM.Collect$$$$00002712)
    __lit__00000000                          0x080000fc   Data           4  entry2.o(.ARM.Collect$$$$00002712)
    .text                                    0x08000100   Section       36  startup_stm32f10x_md.o(.text)
    .text                                    0x08000124   Section        0  main.o(.text)
    .text                                    0x080004bc   Section        0  stm32f10x_it.o(.text)
    .text                                    0x08000580   Section        0  misc.o(.text)
    .text                                    0x0800065c   Section        0  stm32f10x_can.o(.text)
    CheckITStatus                            0x08000e5f   Thumb Code    18  stm32f10x_can.o(.text)
    .text                                    0x0800104c   Section        0  stm32f10x_gpio.o(.text)
    .text                                    0x080013a8   Section        0  stm32f10x_iwdg.o(.text)
    .text                                    0x080013e8   Section        0  stm32f10x_rcc.o(.text)
    .text                                    0x0800178c   Section        0  stm32f10x_tim.o(.text)
    TI4_Config                               0x08001c33   Thumb Code   130  stm32f10x_tim.o(.text)
    TI3_Config                               0x08001cc7   Thumb Code   122  stm32f10x_tim.o(.text)
    TI2_Config                               0x08001d5b   Thumb Code   130  stm32f10x_tim.o(.text)
    TI1_Config                               0x08001def   Thumb Code   108  stm32f10x_tim.o(.text)
    .text                                    0x080025a8   Section        0  stm32f10x_usart.o(.text)
    .text                                    0x080029b0   Section        0  system_stm32f10x.o(.text)
    SetSysClockTo72                          0x080029b1   Thumb Code   214  system_stm32f10x.o(.text)
    SetSysClock                              0x08002a87   Thumb Code     8  system_stm32f10x.o(.text)
    .text                                    0x08002b90   Section        0  led.o(.text)
    .text                                    0x08002bd4   Section        0  systick.o(.text)
    .text                                    0x08002c6c   Section        0  usart.o(.text)
    .text                                    0x08003180   Section        0  bq76930.o(.text)
    .text                                    0x080042a0   Section        0  i2c1.o(.text)
    I2C_delay                                0x080042e5   Thumb Code    14  i2c1.o(.text)
    I2C1_Start                               0x080042f3   Thumb Code    90  i2c1.o(.text)
    I2C1_Stop                                0x0800434d   Thumb Code    60  i2c1.o(.text)
    I2C1_Ack                                 0x08004389   Thumb Code    60  i2c1.o(.text)
    I2C1_NoAck                               0x080043c5   Thumb Code    60  i2c1.o(.text)
    I2C1_WaitAck                             0x08004401   Thumb Code    84  i2c1.o(.text)
    I2C1_SendByte                            0x08004455   Thumb Code    94  i2c1.o(.text)
    I2C1_ReceiveByte                         0x080044b3   Thumb Code    88  i2c1.o(.text)
    .text                                    0x0800472c   Section        0  io_ctrl.o(.text)
    .text                                    0x08004798   Section        0  timer.o(.text)
    .text                                    0x08004904   Section        0  wdg.o(.text)
    .text                                    0x08004930   Section        0  usart2.o(.text)
    .text                                    0x08004f9c   Section        0  can.o(.text)
    .text                                    0x08005114   Section        0  memseta.o(.text)
    .text                                    0x08005138   Section        0  fadd.o(.text)
    .text                                    0x080051e8   Section        0  fmul.o(.text)
    .text                                    0x0800524c   Section        0  fdiv.o(.text)
    .text                                    0x080052c8   Section        0  dadd.o(.text)
    .text                                    0x08005416   Section        0  dmul.o(.text)
    .text                                    0x080054fa   Section        0  ddiv.o(.text)
    .text                                    0x080055d8   Section        0  fflti.o(.text)
    .text                                    0x080055ea   Section        0  dfltui.o(.text)
    .text                                    0x08005604   Section        0  ffixi.o(.text)
    .text                                    0x08005636   Section        0  dfixui.o(.text)
    .text                                    0x08005668   Section        0  f2d.o(.text)
    .text                                    0x0800568e   Section        0  d2f.o(.text)
    .text                                    0x080056c6   Section        0  uidiv.o(.text)
    .text                                    0x080056f2   Section        0  uldiv.o(.text)
    .text                                    0x08005754   Section        0  llshl.o(.text)
    .text                                    0x08005772   Section        0  llushr.o(.text)
    .text                                    0x08005792   Section        0  llsshr.o(.text)
    .text                                    0x080057b6   Section        0  iusefp.o(.text)
    .text                                    0x080057b6   Section        0  fepilogue.o(.text)
    .text                                    0x08005824   Section        0  depilogue.o(.text)
    .text                                    0x080058de   Section        0  dscalb.o(.text)
    .text                                    0x0800590c   Section        0  dflti.o(.text)
    .text                                    0x0800592e   Section        0  dfixul.o(.text)
    .text                                    0x08005960   Section       48  cdcmple.o(.text)
    .text                                    0x08005990   Section       48  cdrcmple.o(.text)
    .text                                    0x080059c0   Section       36  init.o(.text)
    .text                                    0x080059e4   Section        0  __dczerorl2.o(.text)
    i.__0printf                              0x08005a3c   Section        0  printfa.o(i.__0printf)
    i.__0sprintf                             0x08005a5c   Section        0  printfa.o(i.__0sprintf)
    i.__kernel_poly                          0x08005a84   Section        0  poly.o(i.__kernel_poly)
    i.__mathlib_dbl_divzero                  0x08005b30   Section        0  dunder.o(i.__mathlib_dbl_divzero)
    i.__mathlib_dbl_infnan                   0x08005b40   Section        0  dunder.o(i.__mathlib_dbl_infnan)
    i.__mathlib_dbl_invalid                  0x08005b46   Section        0  dunder.o(i.__mathlib_dbl_invalid)
    i.__scatterload_copy                     0x08005b52   Section       14  handlers.o(i.__scatterload_copy)
    i.__scatterload_null                     0x08005b60   Section        2  handlers.o(i.__scatterload_null)
    i.__scatterload_zeroinit                 0x08005b62   Section       14  handlers.o(i.__scatterload_zeroinit)
    i.__set_errno                            0x08005b70   Section        0  errno.o(i.__set_errno)
    i._fp_digits                             0x08005b7c   Section        0  printfa.o(i._fp_digits)
    _fp_digits                               0x08005b7d   Thumb Code   366  printfa.o(i._fp_digits)
    i._printf_core                           0x08005d00   Section        0  printfa.o(i._printf_core)
    _printf_core                             0x08005d01   Thumb Code  1744  printfa.o(i._printf_core)
    i._printf_post_padding                   0x080063dc   Section        0  printfa.o(i._printf_post_padding)
    _printf_post_padding                     0x080063dd   Thumb Code    36  printfa.o(i._printf_post_padding)
    i._printf_pre_padding                    0x08006400   Section        0  printfa.o(i._printf_pre_padding)
    _printf_pre_padding                      0x08006401   Thumb Code    46  printfa.o(i._printf_pre_padding)
    i._sputc                                 0x0800642e   Section        0  printfa.o(i._sputc)
    _sputc                                   0x0800642f   Thumb Code    10  printfa.o(i._sputc)
    i.log                                    0x08006438   Section        0  log.o(i.log)
    .constdata                               0x08006798   Section       56  log.o(.constdata)
    Lg2                                      0x08006798   Data          24  log.o(.constdata)
    Lg                                       0x080067b0   Data          32  log.o(.constdata)
    .constdata                               0x080067d0   Section        8  qnan.o(.constdata)
    .data                                    0x20000000   Section       12  main.o(.data)
    .data                                    0x2000000c   Section       30  stm32f10x_it.o(.data)
    .data                                    0x2000002a   Section       20  stm32f10x_rcc.o(.data)
    APBAHBPrescTable                         0x2000002a   Data          16  stm32f10x_rcc.o(.data)
    ADCPrescTable                            0x2000003a   Data           4  stm32f10x_rcc.o(.data)
    .data                                    0x20000040   Section       20  system_stm32f10x.o(.data)
    .data                                    0x20000054   Section       19  usart.o(.data)
    .data                                    0x20000068   Section      800  bq76930.o(.data)
    .data                                    0x20000388   Section        3  usart2.o(.data)
    .data                                    0x2000038c   Section        4  errno.o(.data)
    _errno                                   0x2000038c   Data           4  errno.o(.data)
    .bss                                     0x20000390   Section     1024  stm32f10x_it.o(.bss)
    .bss                                     0x20000790   Section       79  usart.o(.bss)
    .bss                                     0x200007e0   Section      200  bq76930.o(.bss)
    STACK                                    0x200008a8   Section     1024  startup_stm32f10x_md.o(STACK)

    Global Symbols

    Symbol Name                              Value     Ov Type        Size  Object(Section)

    BuildAttributes$$THM_ISAv4$P$D$K$B$S$PE$A:L22UL41UL21$X:L11$S22US41US21$IEEE1$IW$USESV6$~STKCKD$USESV7$~SHL$OTIME$ROPI$IEEEX$EBA8$MICROLIB$REQ8$PRES8$EABIv2 0x00000000   Number         0  anon$$obj.o ABSOLUTE
    __ARM_use_no_argv                        0x00000000   Number         0  main.o ABSOLUTE
    __use_no_errno                           0x00000000   Number         0  useno.o ABSOLUTE
    __use_no_exception_handling              0x00000000   Number         0  useno.o ABSOLUTE
    __use_no_fp                              0x00000000   Number         0  useno.o ABSOLUTE
    __use_no_heap                            0x00000000   Number         0  useno.o ABSOLUTE
    __use_no_heap_region                     0x00000000   Number         0  useno.o ABSOLUTE
    __use_no_semihosting                     0x00000000   Number         0  useno.o ABSOLUTE
    __use_no_semihosting_swi                 0x00000000   Number         0  useno.o ABSOLUTE
    __use_no_signal_handling                 0x00000000   Number         0  useno.o ABSOLUTE
    _printf_a                                0x00000000   Number         0  stubs.o ABSOLUTE
    _printf_c                                0x00000000   Number         0  stubs.o ABSOLUTE
    _printf_charcount                        0x00000000   Number         0  stubs.o ABSOLUTE
    _printf_d                                0x00000000   Number         0  stubs.o ABSOLUTE
    _printf_e                                0x00000000   Number         0  stubs.o ABSOLUTE
    _printf_f                                0x00000000   Number         0  stubs.o ABSOLUTE
    _printf_flags                            0x00000000   Number         0  stubs.o ABSOLUTE
    _printf_fp_dec                           0x00000000   Number         0  stubs.o ABSOLUTE
    _printf_fp_hex                           0x00000000   Number         0  stubs.o ABSOLUTE
    _printf_g                                0x00000000   Number         0  stubs.o ABSOLUTE
    _printf_i                                0x00000000   Number         0  stubs.o ABSOLUTE
    _printf_int_dec                          0x00000000   Number         0  stubs.o ABSOLUTE
    _printf_l                                0x00000000   Number         0  stubs.o ABSOLUTE
    _printf_lc                               0x00000000   Number         0  stubs.o ABSOLUTE
    _printf_ll                               0x00000000   Number         0  stubs.o ABSOLUTE
    _printf_lld                              0x00000000   Number         0  stubs.o ABSOLUTE
    _printf_lli                              0x00000000   Number         0  stubs.o ABSOLUTE
    _printf_llo                              0x00000000   Number         0  stubs.o ABSOLUTE
    _printf_llu                              0x00000000   Number         0  stubs.o ABSOLUTE
    _printf_llx                              0x00000000   Number         0  stubs.o ABSOLUTE
    _printf_longlong_dec                     0x00000000   Number         0  stubs.o ABSOLUTE
    _printf_longlong_hex                     0x00000000   Number         0  stubs.o ABSOLUTE
    _printf_longlong_oct                     0x00000000   Number         0  stubs.o ABSOLUTE
    _printf_ls                               0x00000000   Number         0  stubs.o ABSOLUTE
    _printf_mbtowc                           0x00000000   Number         0  stubs.o ABSOLUTE
    _printf_n                                0x00000000   Number         0  stubs.o ABSOLUTE
    _printf_o                                0x00000000   Number         0  stubs.o ABSOLUTE
    _printf_p                                0x00000000   Number         0  stubs.o ABSOLUTE
    _printf_percent                          0x00000000   Number         0  stubs.o ABSOLUTE
    _printf_pre_padding                      0x00000000   Number         0  stubs.o ABSOLUTE
    _printf_return_value                     0x00000000   Number         0  stubs.o ABSOLUTE
    _printf_s                                0x00000000   Number         0  stubs.o ABSOLUTE
    _printf_sizespec                         0x00000000   Number         0  stubs.o ABSOLUTE
    _printf_str                              0x00000000   Number         0  stubs.o ABSOLUTE
    _printf_truncate_signed                  0x00000000   Number         0  stubs.o ABSOLUTE
    _printf_truncate_unsigned                0x00000000   Number         0  stubs.o ABSOLUTE
    _printf_u                                0x00000000   Number         0  stubs.o ABSOLUTE
    _printf_wc                               0x00000000   Number         0  stubs.o ABSOLUTE
    _printf_wctomb                           0x00000000   Number         0  stubs.o ABSOLUTE
    _printf_widthprec                        0x00000000   Number         0  stubs.o ABSOLUTE
    _printf_x                                0x00000000   Number         0  stubs.o ABSOLUTE
    __cpp_initialize__aeabi_                  - Undefined Weak Reference
    __cxa_finalize                            - Undefined Weak Reference
    _clock_init                               - Undefined Weak Reference
    _microlib_exit                            - Undefined Weak Reference
    __Vectors_Size                           0x000000ec   Number         0  startup_stm32f10x_md.o ABSOLUTE
    __Vectors                                0x08000000   Data           4  startup_stm32f10x_md.o(RESET)
    __Vectors_End                            0x080000ec   Data           0  startup_stm32f10x_md.o(RESET)
    __main                                   0x080000ed   Thumb Code     0  entry.o(.ARM.Collect$$$$00000000)
    _main_stk                                0x080000ed   Thumb Code     0  entry2.o(.ARM.Collect$$$$00000001)
    _main_scatterload                        0x080000f1   Thumb Code     0  entry5.o(.ARM.Collect$$$$00000004)
    __main_after_scatterload                 0x080000f5   Thumb Code     0  entry5.o(.ARM.Collect$$$$00000004)
    _main_clock                              0x080000f5   Thumb Code     0  entry7b.o(.ARM.Collect$$$$00000008)
    _main_cpp_init                           0x080000f5   Thumb Code     0  entry8b.o(.ARM.Collect$$$$0000000A)
    _main_init                               0x080000f5   Thumb Code     0  entry9a.o(.ARM.Collect$$$$0000000B)
    __rt_final_cpp                           0x080000fd   Thumb Code     0  entry10a.o(.ARM.Collect$$$$0000000D)
    __rt_final_exit                          0x080000fd   Thumb Code     0  entry11a.o(.ARM.Collect$$$$0000000F)
    Reset_Handler                            0x08000101   Thumb Code     8  startup_stm32f10x_md.o(.text)
    ADC1_2_IRQHandler                        0x0800011b   Thumb Code     0  startup_stm32f10x_md.o(.text)
    CAN1_RX1_IRQHandler                      0x0800011b   Thumb Code     0  startup_stm32f10x_md.o(.text)
    CAN1_SCE_IRQHandler                      0x0800011b   Thumb Code     0  startup_stm32f10x_md.o(.text)
    DMA1_Channel1_IRQHandler                 0x0800011b   Thumb Code     0  startup_stm32f10x_md.o(.text)
    DMA1_Channel2_IRQHandler                 0x0800011b   Thumb Code     0  startup_stm32f10x_md.o(.text)
    DMA1_Channel3_IRQHandler                 0x0800011b   Thumb Code     0  startup_stm32f10x_md.o(.text)
    DMA1_Channel4_IRQHandler                 0x0800011b   Thumb Code     0  startup_stm32f10x_md.o(.text)
    DMA1_Channel5_IRQHandler                 0x0800011b   Thumb Code     0  startup_stm32f10x_md.o(.text)
    DMA1_Channel6_IRQHandler                 0x0800011b   Thumb Code     0  startup_stm32f10x_md.o(.text)
    DMA1_Channel7_IRQHandler                 0x0800011b   Thumb Code     0  startup_stm32f10x_md.o(.text)
    EXTI0_IRQHandler                         0x0800011b   Thumb Code     0  startup_stm32f10x_md.o(.text)
    EXTI15_10_IRQHandler                     0x0800011b   Thumb Code     0  startup_stm32f10x_md.o(.text)
    EXTI1_IRQHandler                         0x0800011b   Thumb Code     0  startup_stm32f10x_md.o(.text)
    EXTI2_IRQHandler                         0x0800011b   Thumb Code     0  startup_stm32f10x_md.o(.text)
    EXTI3_IRQHandler                         0x0800011b   Thumb Code     0  startup_stm32f10x_md.o(.text)
    EXTI4_IRQHandler                         0x0800011b   Thumb Code     0  startup_stm32f10x_md.o(.text)
    EXTI9_5_IRQHandler                       0x0800011b   Thumb Code     0  startup_stm32f10x_md.o(.text)
    FLASH_IRQHandler                         0x0800011b   Thumb Code     0  startup_stm32f10x_md.o(.text)
    I2C1_ER_IRQHandler                       0x0800011b   Thumb Code     0  startup_stm32f10x_md.o(.text)
    I2C1_EV_IRQHandler                       0x0800011b   Thumb Code     0  startup_stm32f10x_md.o(.text)
    I2C2_ER_IRQHandler                       0x0800011b   Thumb Code     0  startup_stm32f10x_md.o(.text)
    I2C2_EV_IRQHandler                       0x0800011b   Thumb Code     0  startup_stm32f10x_md.o(.text)
    PVD_IRQHandler                           0x0800011b   Thumb Code     0  startup_stm32f10x_md.o(.text)
    RCC_IRQHandler                           0x0800011b   Thumb Code     0  startup_stm32f10x_md.o(.text)
    RTCAlarm_IRQHandler                      0x0800011b   Thumb Code     0  startup_stm32f10x_md.o(.text)
    RTC_IRQHandler                           0x0800011b   Thumb Code     0  startup_stm32f10x_md.o(.text)
    SPI1_IRQHandler                          0x0800011b   Thumb Code     0  startup_stm32f10x_md.o(.text)
    SPI2_IRQHandler                          0x0800011b   Thumb Code     0  startup_stm32f10x_md.o(.text)
    TAMPER_IRQHandler                        0x0800011b   Thumb Code     0  startup_stm32f10x_md.o(.text)
    TIM1_BRK_IRQHandler                      0x0800011b   Thumb Code     0  startup_stm32f10x_md.o(.text)
    TIM1_CC_IRQHandler                       0x0800011b   Thumb Code     0  startup_stm32f10x_md.o(.text)
    TIM1_TRG_COM_IRQHandler                  0x0800011b   Thumb Code     0  startup_stm32f10x_md.o(.text)
    TIM1_UP_IRQHandler                       0x0800011b   Thumb Code     0  startup_stm32f10x_md.o(.text)
    TIM3_IRQHandler                          0x0800011b   Thumb Code     0  startup_stm32f10x_md.o(.text)
    TIM4_IRQHandler                          0x0800011b   Thumb Code     0  startup_stm32f10x_md.o(.text)
    USART2_IRQHandler                        0x0800011b   Thumb Code     0  startup_stm32f10x_md.o(.text)
    USART3_IRQHandler                        0x0800011b   Thumb Code     0  startup_stm32f10x_md.o(.text)
    USBWakeUp_IRQHandler                     0x0800011b   Thumb Code     0  startup_stm32f10x_md.o(.text)
    USB_HP_CAN1_TX_IRQHandler                0x0800011b   Thumb Code     0  startup_stm32f10x_md.o(.text)
    USB_LP_CAN1_RX0_IRQHandler               0x0800011b   Thumb Code     0  startup_stm32f10x_md.o(.text)
    WWDG_IRQHandler                          0x0800011b   Thumb Code     0  startup_stm32f10x_md.o(.text)
    RECEICE_DATA_DEAL                        0x08000125   Thumb Code   226  main.o(.text)
    main                                     0x08000207   Thumb Code   596  main.o(.text)
    NMI_Handler                              0x080004bd   Thumb Code     2  stm32f10x_it.o(.text)
    HardFault_Handler                        0x080004bf   Thumb Code     4  stm32f10x_it.o(.text)
    MemManage_Handler                        0x080004c3   Thumb Code     4  stm32f10x_it.o(.text)
    BusFault_Handler                         0x080004c7   Thumb Code     4  stm32f10x_it.o(.text)
    UsageFault_Handler                       0x080004cb   Thumb Code     4  stm32f10x_it.o(.text)
    SVC_Handler                              0x080004cf   Thumb Code     2  stm32f10x_it.o(.text)
    DebugMon_Handler                         0x080004d1   Thumb Code     2  stm32f10x_it.o(.text)
    PendSV_Handler                           0x080004d3   Thumb Code     2  stm32f10x_it.o(.text)
    SysTick_Handler                          0x080004d5   Thumb Code    18  stm32f10x_it.o(.text)
    USART1_IRQHandler                        0x080004e7   Thumb Code    54  stm32f10x_it.o(.text)
    TIM2_IRQHandler                          0x0800051d   Thumb Code    80  stm32f10x_it.o(.text)
    NVIC_PriorityGroupConfig                 0x08000581   Thumb Code    10  misc.o(.text)
    NVIC_Init                                0x0800058b   Thumb Code   100  misc.o(.text)
    NVIC_SetVectorTable                      0x080005ef   Thumb Code    14  misc.o(.text)
    NVIC_SystemLPConfig                      0x080005fd   Thumb Code    34  misc.o(.text)
    SysTick_CLKSourceConfig                  0x0800061f   Thumb Code    40  misc.o(.text)
    CAN_DeInit                               0x0800065d   Thumb Code    50  stm32f10x_can.o(.text)
    CAN_Init                                 0x0800068f   Thumb Code   276  stm32f10x_can.o(.text)
    CAN_FilterInit                           0x080007a3   Thumb Code   258  stm32f10x_can.o(.text)
    CAN_StructInit                           0x080008a5   Thumb Code    32  stm32f10x_can.o(.text)
    CAN_SlaveStartBank                       0x080008c5   Thumb Code    48  stm32f10x_can.o(.text)
    CAN_DBGFreeze                            0x080008f5   Thumb Code    22  stm32f10x_can.o(.text)
    CAN_TTComModeCmd                         0x0800090b   Thumb Code   118  stm32f10x_can.o(.text)
    CAN_Transmit                             0x08000981   Thumb Code   304  stm32f10x_can.o(.text)
    CAN_TransmitStatus                       0x08000ab1   Thumb Code   138  stm32f10x_can.o(.text)
    CAN_CancelTransmit                       0x08000b3b   Thumb Code    48  stm32f10x_can.o(.text)
    CAN_Receive                              0x08000b6b   Thumb Code   240  stm32f10x_can.o(.text)
    CAN_FIFORelease                          0x08000c5b   Thumb Code    22  stm32f10x_can.o(.text)
    CAN_MessagePending                       0x08000c71   Thumb Code    30  stm32f10x_can.o(.text)
    CAN_OperatingModeRequest                 0x08000c8f   Thumb Code   162  stm32f10x_can.o(.text)
    CAN_Sleep                                0x08000d31   Thumb Code    30  stm32f10x_can.o(.text)
    CAN_WakeUp                               0x08000d4f   Thumb Code    48  stm32f10x_can.o(.text)
    CAN_GetLastErrorCode                     0x08000d7f   Thumb Code    12  stm32f10x_can.o(.text)
    CAN_GetReceiveErrorCounter               0x08000d8b   Thumb Code    10  stm32f10x_can.o(.text)
    CAN_GetLSBTransmitErrorCounter           0x08000d95   Thumb Code    12  stm32f10x_can.o(.text)
    CAN_ITConfig                             0x08000da1   Thumb Code    18  stm32f10x_can.o(.text)
    CAN_GetFlagStatus                        0x08000db3   Thumb Code   120  stm32f10x_can.o(.text)
    CAN_ClearFlag                            0x08000e2b   Thumb Code    52  stm32f10x_can.o(.text)
    CAN_GetITStatus                          0x08000e71   Thumb Code   310  stm32f10x_can.o(.text)
    CAN_ClearITPendingBit                    0x08000fa7   Thumb Code   162  stm32f10x_can.o(.text)
    GPIO_DeInit                              0x0800104d   Thumb Code   172  stm32f10x_gpio.o(.text)
    GPIO_AFIODeInit                          0x080010f9   Thumb Code    20  stm32f10x_gpio.o(.text)
    GPIO_Init                                0x0800110d   Thumb Code   278  stm32f10x_gpio.o(.text)
    GPIO_StructInit                          0x08001223   Thumb Code    16  stm32f10x_gpio.o(.text)
    GPIO_ReadInputDataBit                    0x08001233   Thumb Code    18  stm32f10x_gpio.o(.text)
    GPIO_ReadInputData                       0x08001245   Thumb Code     8  stm32f10x_gpio.o(.text)
    GPIO_ReadOutputDataBit                   0x0800124d   Thumb Code    18  stm32f10x_gpio.o(.text)
    GPIO_ReadOutputData                      0x0800125f   Thumb Code     8  stm32f10x_gpio.o(.text)
    GPIO_SetBits                             0x08001267   Thumb Code     4  stm32f10x_gpio.o(.text)
    GPIO_ResetBits                           0x0800126b   Thumb Code     4  stm32f10x_gpio.o(.text)
    GPIO_WriteBit                            0x0800126f   Thumb Code    10  stm32f10x_gpio.o(.text)
    GPIO_Write                               0x08001279   Thumb Code     4  stm32f10x_gpio.o(.text)
    GPIO_PinLockConfig                       0x0800127d   Thumb Code    18  stm32f10x_gpio.o(.text)
    GPIO_EventOutputConfig                   0x0800128f   Thumb Code    26  stm32f10x_gpio.o(.text)
    GPIO_EventOutputCmd                      0x080012a9   Thumb Code     6  stm32f10x_gpio.o(.text)
    GPIO_PinRemapConfig                      0x080012af   Thumb Code   138  stm32f10x_gpio.o(.text)
    GPIO_EXTILineConfig                      0x08001339   Thumb Code    66  stm32f10x_gpio.o(.text)
    GPIO_ETH_MediaInterfaceConfig            0x0800137b   Thumb Code     8  stm32f10x_gpio.o(.text)
    IWDG_WriteAccessCmd                      0x080013a9   Thumb Code     6  stm32f10x_iwdg.o(.text)
    IWDG_SetPrescaler                        0x080013af   Thumb Code     6  stm32f10x_iwdg.o(.text)
    IWDG_SetReload                           0x080013b5   Thumb Code     6  stm32f10x_iwdg.o(.text)
    IWDG_ReloadCounter                       0x080013bb   Thumb Code    10  stm32f10x_iwdg.o(.text)
    IWDG_Enable                              0x080013c5   Thumb Code    10  stm32f10x_iwdg.o(.text)
    IWDG_GetFlagStatus                       0x080013cf   Thumb Code    20  stm32f10x_iwdg.o(.text)
    RCC_DeInit                               0x080013e9   Thumb Code    64  stm32f10x_rcc.o(.text)
    RCC_HSEConfig                            0x08001429   Thumb Code    70  stm32f10x_rcc.o(.text)
    RCC_GetFlagStatus                        0x0800146f   Thumb Code    56  stm32f10x_rcc.o(.text)
    RCC_WaitForHSEStartUp                    0x080014a7   Thumb Code    56  stm32f10x_rcc.o(.text)
    RCC_AdjustHSICalibrationValue            0x080014df   Thumb Code    20  stm32f10x_rcc.o(.text)
    RCC_HSICmd                               0x080014f3   Thumb Code     6  stm32f10x_rcc.o(.text)
    RCC_PLLConfig                            0x080014f9   Thumb Code    24  stm32f10x_rcc.o(.text)
    RCC_PLLCmd                               0x08001511   Thumb Code     6  stm32f10x_rcc.o(.text)
    RCC_SYSCLKConfig                         0x08001517   Thumb Code    18  stm32f10x_rcc.o(.text)
    RCC_GetSYSCLKSource                      0x08001529   Thumb Code    10  stm32f10x_rcc.o(.text)
    RCC_HCLKConfig                           0x08001533   Thumb Code    18  stm32f10x_rcc.o(.text)
    RCC_PCLK1Config                          0x08001545   Thumb Code    18  stm32f10x_rcc.o(.text)
    RCC_PCLK2Config                          0x08001557   Thumb Code    20  stm32f10x_rcc.o(.text)
    RCC_ITConfig                             0x0800156b   Thumb Code    26  stm32f10x_rcc.o(.text)
    RCC_USBCLKConfig                         0x08001585   Thumb Code     8  stm32f10x_rcc.o(.text)
    RCC_ADCCLKConfig                         0x0800158d   Thumb Code    18  stm32f10x_rcc.o(.text)
    RCC_LSEConfig                            0x0800159f   Thumb Code    50  stm32f10x_rcc.o(.text)
    RCC_LSICmd                               0x080015d1   Thumb Code     6  stm32f10x_rcc.o(.text)
    RCC_RTCCLKConfig                         0x080015d7   Thumb Code    12  stm32f10x_rcc.o(.text)
    RCC_RTCCLKCmd                            0x080015e3   Thumb Code     8  stm32f10x_rcc.o(.text)
    RCC_GetClocksFreq                        0x080015eb   Thumb Code   192  stm32f10x_rcc.o(.text)
    RCC_AHBPeriphClockCmd                    0x080016ab   Thumb Code    26  stm32f10x_rcc.o(.text)
    RCC_APB2PeriphClockCmd                   0x080016c5   Thumb Code    26  stm32f10x_rcc.o(.text)
    RCC_APB1PeriphClockCmd                   0x080016df   Thumb Code    26  stm32f10x_rcc.o(.text)
    RCC_APB2PeriphResetCmd                   0x080016f9   Thumb Code    26  stm32f10x_rcc.o(.text)
    RCC_APB1PeriphResetCmd                   0x08001713   Thumb Code    26  stm32f10x_rcc.o(.text)
    RCC_BackupResetCmd                       0x0800172d   Thumb Code     8  stm32f10x_rcc.o(.text)
    RCC_ClockSecuritySystemCmd               0x08001735   Thumb Code     6  stm32f10x_rcc.o(.text)
    RCC_MCOConfig                            0x0800173b   Thumb Code     6  stm32f10x_rcc.o(.text)
    RCC_ClearFlag                            0x08001741   Thumb Code    14  stm32f10x_rcc.o(.text)
    RCC_GetITStatus                          0x0800174f   Thumb Code    20  stm32f10x_rcc.o(.text)
    RCC_ClearITPendingBit                    0x08001763   Thumb Code     6  stm32f10x_rcc.o(.text)
    TIM_DeInit                               0x0800178d   Thumb Code   424  stm32f10x_tim.o(.text)
    TIM_TimeBaseInit                         0x08001935   Thumb Code   122  stm32f10x_tim.o(.text)
    TIM_OC1Init                              0x080019af   Thumb Code   132  stm32f10x_tim.o(.text)
    TIM_OC2Init                              0x08001a33   Thumb Code   154  stm32f10x_tim.o(.text)
    TIM_OC3Init                              0x08001acd   Thumb Code   150  stm32f10x_tim.o(.text)
    TIM_OC4Init                              0x08001b63   Thumb Code   182  stm32f10x_tim.o(.text)
    TIM_SetIC4Prescaler                      0x08001c19   Thumb Code    26  stm32f10x_tim.o(.text)
    TIM_SetIC3Prescaler                      0x08001cb5   Thumb Code    18  stm32f10x_tim.o(.text)
    TIM_SetIC2Prescaler                      0x08001d41   Thumb Code    26  stm32f10x_tim.o(.text)
    TIM_SetIC1Prescaler                      0x08001ddd   Thumb Code    18  stm32f10x_tim.o(.text)
    TIM_ICInit                               0x08001e5b   Thumb Code   150  stm32f10x_tim.o(.text)
    TIM_PWMIConfig                           0x08001ef1   Thumb Code   124  stm32f10x_tim.o(.text)
    TIM_BDTRConfig                           0x08001f6d   Thumb Code    32  stm32f10x_tim.o(.text)
    TIM_TimeBaseStructInit                   0x08001f8d   Thumb Code    18  stm32f10x_tim.o(.text)
    TIM_OCStructInit                         0x08001f9f   Thumb Code    20  stm32f10x_tim.o(.text)
    TIM_ICStructInit                         0x08001fb3   Thumb Code    18  stm32f10x_tim.o(.text)
    TIM_BDTRStructInit                       0x08001fc5   Thumb Code    40  stm32f10x_tim.o(.text)
    TIM_Cmd                                  0x08001fed   Thumb Code    24  stm32f10x_tim.o(.text)
    TIM_CtrlPWMOutputs                       0x08002005   Thumb Code    30  stm32f10x_tim.o(.text)
    TIM_ITConfig                             0x08002023   Thumb Code    18  stm32f10x_tim.o(.text)
    TIM_GenerateEvent                        0x08002035   Thumb Code     4  stm32f10x_tim.o(.text)
    TIM_DMAConfig                            0x08002039   Thumb Code    10  stm32f10x_tim.o(.text)
    TIM_DMACmd                               0x08002043   Thumb Code    18  stm32f10x_tim.o(.text)
    TIM_InternalClockConfig                  0x08002055   Thumb Code    12  stm32f10x_tim.o(.text)
    TIM_SelectInputTrigger                   0x08002061   Thumb Code    18  stm32f10x_tim.o(.text)
    TIM_ITRxExternalClockConfig              0x08002073   Thumb Code    24  stm32f10x_tim.o(.text)
    TIM_TIxExternalClockConfig               0x0800208b   Thumb Code    62  stm32f10x_tim.o(.text)
    TIM_ETRConfig                            0x080020c9   Thumb Code    28  stm32f10x_tim.o(.text)
    TIM_ETRClockMode1Config                  0x080020e5   Thumb Code    54  stm32f10x_tim.o(.text)
    TIM_ETRClockMode2Config                  0x0800211b   Thumb Code    32  stm32f10x_tim.o(.text)
    TIM_PrescalerConfig                      0x0800213b   Thumb Code     6  stm32f10x_tim.o(.text)
    TIM_CounterModeConfig                    0x08002141   Thumb Code    18  stm32f10x_tim.o(.text)
    TIM_EncoderInterfaceConfig               0x08002153   Thumb Code    66  stm32f10x_tim.o(.text)
    TIM_ForcedOC1Config                      0x08002195   Thumb Code    18  stm32f10x_tim.o(.text)
    TIM_ForcedOC2Config                      0x080021a7   Thumb Code    26  stm32f10x_tim.o(.text)
    TIM_ForcedOC3Config                      0x080021c1   Thumb Code    18  stm32f10x_tim.o(.text)
    TIM_ForcedOC4Config                      0x080021d3   Thumb Code    26  stm32f10x_tim.o(.text)
    TIM_ARRPreloadConfig                     0x080021ed   Thumb Code    24  stm32f10x_tim.o(.text)
    TIM_SelectCOM                            0x08002205   Thumb Code    24  stm32f10x_tim.o(.text)
    TIM_SelectCCDMA                          0x0800221d   Thumb Code    24  stm32f10x_tim.o(.text)
    TIM_CCPreloadControl                     0x08002235   Thumb Code    24  stm32f10x_tim.o(.text)
    TIM_OC1PreloadConfig                     0x0800224d   Thumb Code    18  stm32f10x_tim.o(.text)
    TIM_OC2PreloadConfig                     0x0800225f   Thumb Code    26  stm32f10x_tim.o(.text)
    TIM_OC3PreloadConfig                     0x08002279   Thumb Code    18  stm32f10x_tim.o(.text)
    TIM_OC4PreloadConfig                     0x0800228b   Thumb Code    26  stm32f10x_tim.o(.text)
    TIM_OC1FastConfig                        0x080022a5   Thumb Code    18  stm32f10x_tim.o(.text)
    TIM_OC2FastConfig                        0x080022b7   Thumb Code    26  stm32f10x_tim.o(.text)
    TIM_OC3FastConfig                        0x080022d1   Thumb Code    18  stm32f10x_tim.o(.text)
    TIM_OC4FastConfig                        0x080022e3   Thumb Code    26  stm32f10x_tim.o(.text)
    TIM_ClearOC1Ref                          0x080022fd   Thumb Code    18  stm32f10x_tim.o(.text)
    TIM_ClearOC2Ref                          0x0800230f   Thumb Code    24  stm32f10x_tim.o(.text)
    TIM_ClearOC3Ref                          0x08002327   Thumb Code    18  stm32f10x_tim.o(.text)
    TIM_ClearOC4Ref                          0x08002339   Thumb Code    24  stm32f10x_tim.o(.text)
    TIM_OC1PolarityConfig                    0x08002351   Thumb Code    18  stm32f10x_tim.o(.text)
    TIM_OC1NPolarityConfig                   0x08002363   Thumb Code    18  stm32f10x_tim.o(.text)
    TIM_OC2PolarityConfig                    0x08002375   Thumb Code    26  stm32f10x_tim.o(.text)
    TIM_OC2NPolarityConfig                   0x0800238f   Thumb Code    26  stm32f10x_tim.o(.text)
    TIM_OC3PolarityConfig                    0x080023a9   Thumb Code    26  stm32f10x_tim.o(.text)
    TIM_OC3NPolarityConfig                   0x080023c3   Thumb Code    26  stm32f10x_tim.o(.text)
    TIM_OC4PolarityConfig                    0x080023dd   Thumb Code    26  stm32f10x_tim.o(.text)
    TIM_CCxCmd                               0x080023f7   Thumb Code    30  stm32f10x_tim.o(.text)
    TIM_CCxNCmd                              0x08002415   Thumb Code    30  stm32f10x_tim.o(.text)
    TIM_SelectOCxM                           0x08002433   Thumb Code    82  stm32f10x_tim.o(.text)
    TIM_UpdateDisableConfig                  0x08002485   Thumb Code    24  stm32f10x_tim.o(.text)
    TIM_UpdateRequestConfig                  0x0800249d   Thumb Code    24  stm32f10x_tim.o(.text)
    TIM_SelectHallSensor                     0x080024b5   Thumb Code    24  stm32f10x_tim.o(.text)
    TIM_SelectOnePulseMode                   0x080024cd   Thumb Code    18  stm32f10x_tim.o(.text)
    TIM_SelectOutputTrigger                  0x080024df   Thumb Code    18  stm32f10x_tim.o(.text)
    TIM_SelectSlaveMode                      0x080024f1   Thumb Code    18  stm32f10x_tim.o(.text)
    TIM_SelectMasterSlaveMode                0x08002503   Thumb Code    18  stm32f10x_tim.o(.text)
    TIM_SetCounter                           0x08002515   Thumb Code     4  stm32f10x_tim.o(.text)
    TIM_SetAutoreload                        0x08002519   Thumb Code     4  stm32f10x_tim.o(.text)
    TIM_SetCompare1                          0x0800251d   Thumb Code     4  stm32f10x_tim.o(.text)
    TIM_SetCompare2                          0x08002521   Thumb Code     4  stm32f10x_tim.o(.text)
    TIM_SetCompare3                          0x08002525   Thumb Code     4  stm32f10x_tim.o(.text)
    TIM_SetCompare4                          0x08002529   Thumb Code     6  stm32f10x_tim.o(.text)
    TIM_SetClockDivision                     0x0800252f   Thumb Code    18  stm32f10x_tim.o(.text)
    TIM_GetCapture1                          0x08002541   Thumb Code     6  stm32f10x_tim.o(.text)
    TIM_GetCapture2                          0x08002547   Thumb Code     6  stm32f10x_tim.o(.text)
    TIM_GetCapture3                          0x0800254d   Thumb Code     6  stm32f10x_tim.o(.text)
    TIM_GetCapture4                          0x08002553   Thumb Code     8  stm32f10x_tim.o(.text)
    TIM_GetCounter                           0x0800255b   Thumb Code     6  stm32f10x_tim.o(.text)
    TIM_GetPrescaler                         0x08002561   Thumb Code     6  stm32f10x_tim.o(.text)
    TIM_GetFlagStatus                        0x08002567   Thumb Code    18  stm32f10x_tim.o(.text)
    TIM_ClearFlag                            0x08002579   Thumb Code     6  stm32f10x_tim.o(.text)
    TIM_GetITStatus                          0x0800257f   Thumb Code    34  stm32f10x_tim.o(.text)
    TIM_ClearITPendingBit                    0x080025a1   Thumb Code     6  stm32f10x_tim.o(.text)
    USART_DeInit                             0x080025a9   Thumb Code   134  stm32f10x_usart.o(.text)
    USART_Init                               0x0800262f   Thumb Code   210  stm32f10x_usart.o(.text)
    USART_StructInit                         0x08002701   Thumb Code    24  stm32f10x_usart.o(.text)
    USART_ClockInit                          0x08002719   Thumb Code    34  stm32f10x_usart.o(.text)
    USART_ClockStructInit                    0x0800273b   Thumb Code    12  stm32f10x_usart.o(.text)
    USART_Cmd                                0x08002747   Thumb Code    24  stm32f10x_usart.o(.text)
    USART_ITConfig                           0x0800275f   Thumb Code    74  stm32f10x_usart.o(.text)
    USART_DMACmd                             0x080027a9   Thumb Code    18  stm32f10x_usart.o(.text)
    USART_SetAddress                         0x080027bb   Thumb Code    18  stm32f10x_usart.o(.text)
    USART_WakeUpConfig                       0x080027cd   Thumb Code    18  stm32f10x_usart.o(.text)
    USART_ReceiverWakeUpCmd                  0x080027df   Thumb Code    24  stm32f10x_usart.o(.text)
    USART_LINBreakDetectLengthConfig         0x080027f7   Thumb Code    18  stm32f10x_usart.o(.text)
    USART_LINCmd                             0x08002809   Thumb Code    24  stm32f10x_usart.o(.text)
    USART_SendData                           0x08002821   Thumb Code     8  stm32f10x_usart.o(.text)
    USART_ReceiveData                        0x08002829   Thumb Code    10  stm32f10x_usart.o(.text)
    USART_SendBreak                          0x08002833   Thumb Code    10  stm32f10x_usart.o(.text)
    USART_SetGuardTime                       0x0800283d   Thumb Code    16  stm32f10x_usart.o(.text)
    USART_SetPrescaler                       0x0800284d   Thumb Code    16  stm32f10x_usart.o(.text)
    USART_SmartCardCmd                       0x0800285d   Thumb Code    24  stm32f10x_usart.o(.text)
    USART_SmartCardNACKCmd                   0x08002875   Thumb Code    24  stm32f10x_usart.o(.text)
    USART_HalfDuplexCmd                      0x0800288d   Thumb Code    24  stm32f10x_usart.o(.text)
    USART_OverSampling8Cmd                   0x080028a5   Thumb Code    22  stm32f10x_usart.o(.text)
    USART_OneBitMethodCmd                    0x080028bb   Thumb Code    24  stm32f10x_usart.o(.text)
    USART_IrDAConfig                         0x080028d3   Thumb Code    18  stm32f10x_usart.o(.text)
    USART_IrDACmd                            0x080028e5   Thumb Code    24  stm32f10x_usart.o(.text)
    USART_GetFlagStatus                      0x080028fd   Thumb Code    26  stm32f10x_usart.o(.text)
    USART_ClearFlag                          0x08002917   Thumb Code    18  stm32f10x_usart.o(.text)
    USART_GetITStatus                        0x08002929   Thumb Code    84  stm32f10x_usart.o(.text)
    USART_ClearITPendingBit                  0x0800297d   Thumb Code    52  stm32f10x_usart.o(.text)
    SystemInit                               0x08002a8f   Thumb Code    78  system_stm32f10x.o(.text)
    SystemCoreClockUpdate                    0x08002add   Thumb Code   142  system_stm32f10x.o(.text)
    LED_GPIO_Config                          0x08002b91   Thumb Code    40  led.o(.text)
    LEDXToggle                               0x08002bb9   Thumb Code    22  led.o(.text)
    SYSTICK_Init                             0x08002bd5   Thumb Code    90  systick.o(.text)
    delay_us                                 0x08002c2f   Thumb Code    16  systick.o(.text)
    delay_ms                                 0x08002c3f   Thumb Code    26  systick.o(.text)
    _sys_exit                                0x08002c6d   Thumb Code     6  usart.o(.text)
    fputc                                    0x08002c73   Thumb Code    24  usart.o(.text)
    UartGet                                  0x08002c8b   Thumb Code    26  usart.o(.text)
    CheckBusy                                0x08002ca5   Thumb Code    24  usart.o(.text)
    get_var                                  0x08002cbd   Thumb Code    76  usart.o(.text)
    getch                                    0x08002d09   Thumb Code   168  usart.o(.text)
    GetValue                                 0x08002db1   Thumb Code   574  usart.o(.text)
    GetKey                                   0x08002fef   Thumb Code   192  usart.o(.text)
    UartSend                                 0x080030af   Thumb Code    42  usart.o(.text)
    uart_init                                0x080030d9   Thumb Code   154  usart.o(.text)
    Get_offset                               0x08003181   Thumb Code    80  bq76930.o(.text)
    OCD_SCD_PROTECT                          0x080031d1   Thumb Code    20  bq76930.o(.text)
    OV_UV_1_PROTECT                          0x080031e5   Thumb Code   122  bq76930.o(.text)
    OV_UV_1_2_PROTECT                        0x0800325f   Thumb Code     8  bq76930.o(.text)
    BQ_1_config                              0x08003267   Thumb Code    34  bq76930.o(.text)
    BQ_1_2_config                            0x08003289   Thumb Code     8  bq76930.o(.text)
    WAKE_ALL_DEVICE                          0x08003291   Thumb Code    32  bq76930.o(.text)
    BQ76930_config                           0x080032b1   Thumb Code    24  bq76930.o(.text)
    SHIP_1_BQ769                             0x080032c9   Thumb Code    26  bq76930.o(.text)
    SHIP_ALL_DEVICE                          0x080032e3   Thumb Code    16  bq76930.o(.text)
    Get_Battery1                             0x080032f3   Thumb Code   102  bq76930.o(.text)
    Get_Battery2                             0x08003359   Thumb Code   116  bq76930.o(.text)
    Get_Battery3                             0x080033cd   Thumb Code   114  bq76930.o(.text)
    Get_Battery4                             0x0800343f   Thumb Code   114  bq76930.o(.text)
    Get_Battery5                             0x080034b1   Thumb Code   118  bq76930.o(.text)
    Get_Battery6                             0x08003527   Thumb Code   174  bq76930.o(.text)
    Get_Battery7                             0x080035d5   Thumb Code   118  bq76930.o(.text)
    Get_Battery8                             0x0800364b   Thumb Code   114  bq76930.o(.text)
    Get_Battery9                             0x080036bd   Thumb Code   118  bq76930.o(.text)
    Get_Battery10                            0x08003733   Thumb Code   118  bq76930.o(.text)
    Get_Update_ALL_Data                      0x080037a9   Thumb Code    70  bq76930.o(.text)
    Get_SOC                                  0x080037ef   Thumb Code   100  bq76930.o(.text)
    WAKE_1_BQ769                             0x08003853   Thumb Code    32  bq76930.o(.text)
    Get_BQ_Current                           0x08003873   Thumb Code   182  bq76930.o(.text)
    Get_BQ1_2_Temp                           0x08003929   Thumb Code   364  bq76930.o(.text)
    Battery1_Balance                         0x08003a95   Thumb Code    12  bq76930.o(.text)
    Battery2_Balance                         0x08003aa1   Thumb Code    12  bq76930.o(.text)
    Battery3_Balance                         0x08003aad   Thumb Code    12  bq76930.o(.text)
    Battery4_Balance                         0x08003ab9   Thumb Code    12  bq76930.o(.text)
    Battery5_Balance                         0x08003ac5   Thumb Code    12  bq76930.o(.text)
    Battery6_Balance                         0x08003ad1   Thumb Code    12  bq76930.o(.text)
    Battery7_Balance                         0x08003add   Thumb Code    12  bq76930.o(.text)
    Battery8_Balance                         0x08003ae9   Thumb Code    12  bq76930.o(.text)
    Battery9_Balance                         0x08003af5   Thumb Code    12  bq76930.o(.text)
    Battery10_Balance                        0x08003b01   Thumb Code    12  bq76930.o(.text)
    Balance_Stop                             0x08003b0d   Thumb Code    20  bq76930.o(.text)
    Balance_Start                            0x08003b21   Thumb Code   114  bq76930.o(.text)
    Cell_Battery_MAX_MIN                     0x08003b93   Thumb Code    92  bq76930.o(.text)
    Cell_Balance                             0x08003bef   Thumb Code    38  bq76930.o(.text)
    BMS_STA                                  0x08003c15   Thumb Code    66  bq76930.o(.text)
    Only_Open_CHG                            0x08003c57   Thumb Code    32  bq76930.o(.text)
    Only_Close_CHG                           0x08003c77   Thumb Code    32  bq76930.o(.text)
    Only_Open_DSG                            0x08003c97   Thumb Code    32  bq76930.o(.text)
    Only_Close_DSG                           0x08003cb7   Thumb Code    32  bq76930.o(.text)
    Open_DSG_CHG                             0x08003cd7   Thumb Code    12  bq76930.o(.text)
    Close_DSG_CHG                            0x08003ce3   Thumb Code    12  bq76930.o(.text)
    Update_val                               0x08003cef   Thumb Code   840  bq76930.o(.text)
    Get_Update_Data                          0x08004037   Thumb Code    52  bq76930.o(.text)
    ALERT_1_Recognition                      0x0800406b   Thumb Code   174  bq76930.o(.text)
    CRC8                                     0x08004119   Thumb Code    68  bq76930.o(.text)
    I2C1_Configuration                       0x080042a1   Thumb Code    68  i2c1.o(.text)
    IIC1_read_one_byte                       0x0800450b   Thumb Code    58  i2c1.o(.text)
    IIC1_read_len_byte                       0x08004545   Thumb Code    44  i2c1.o(.text)
    IIC1_write_one_byte                      0x08004571   Thumb Code    80  i2c1.o(.text)
    IIC1_write_len_byte                      0x080045c1   Thumb Code    42  i2c1.o(.text)
    IIC1_write_one_byte_CRC                  0x080045eb   Thumb Code   104  i2c1.o(.text)
    I2C1_WriteByte                           0x08004653   Thumb Code    86  i2c1.o(.text)
    I2C1_ReadByte                            0x080046a9   Thumb Code   132  i2c1.o(.text)
    IO_CTRL_Config                           0x0800472d   Thumb Code    96  io_ctrl.o(.text)
    TimerNvic_Config                         0x08004799   Thumb Code    80  timer.o(.text)
    TIM2_Config                              0x080047e9   Thumb Code   100  timer.o(.text)
    TIM3_Config                              0x0800484d   Thumb Code    88  timer.o(.text)
    TIM4_Config                              0x080048a5   Thumb Code    88  timer.o(.text)
    IWDG_Init                                0x08004905   Thumb Code    36  wdg.o(.text)
    IWDG_Feed                                0x08004929   Thumb Code     8  wdg.o(.text)
    USART1_Config                            0x08004931   Thumb Code   124  usart2.o(.text)
    USART1_Printf                            0x080049ad   Thumb Code   372  usart2.o(.text)
    Set_USART1_StopFlag                      0x08004b21   Thumb Code     6  usart2.o(.text)
    Get_USART1_StopFlag                      0x08004b27   Thumb Code     6  usart2.o(.text)
    USART2_Config                            0x08004b2d   Thumb Code   212  usart2.o(.text)
    USART2_Printf                            0x08004c01   Thumb Code   394  usart2.o(.text)
    Set_USART2_StopFlag                      0x08004d8b   Thumb Code     6  usart2.o(.text)
    Get_USART2_StopFlag                      0x08004d91   Thumb Code     6  usart2.o(.text)
    USART3_Config                            0x08004d97   Thumb Code   116  usart2.o(.text)
    USART3_Printf                            0x08004e0b   Thumb Code   372  usart2.o(.text)
    Set_USART3_StopFlag                      0x08004f7f   Thumb Code     6  usart2.o(.text)
    Get_USART3_StopFlag                      0x08004f85   Thumb Code     6  usart2.o(.text)
    CAN_Mode_Init                            0x08004f9d   Thumb Code   200  can.o(.text)
    Can_Send_Msg                             0x08005065   Thumb Code   110  can.o(.text)
    Can_Receive_Msg                          0x080050d3   Thumb Code    56  can.o(.text)
    __aeabi_memset                           0x08005115   Thumb Code    14  memseta.o(.text)
    __aeabi_memset4                          0x08005115   Thumb Code     0  memseta.o(.text)
    __aeabi_memset8                          0x08005115   Thumb Code     0  memseta.o(.text)
    __aeabi_memclr                           0x08005123   Thumb Code     4  memseta.o(.text)
    __aeabi_memclr4                          0x08005123   Thumb Code     0  memseta.o(.text)
    __aeabi_memclr8                          0x08005123   Thumb Code     0  memseta.o(.text)
    _memset$wrapper                          0x08005127   Thumb Code    18  memseta.o(.text)
    __aeabi_fadd                             0x08005139   Thumb Code   164  fadd.o(.text)
    __aeabi_fsub                             0x080051dd   Thumb Code     6  fadd.o(.text)
    __aeabi_frsub                            0x080051e3   Thumb Code     6  fadd.o(.text)
    __aeabi_fmul                             0x080051e9   Thumb Code   100  fmul.o(.text)
    __aeabi_fdiv                             0x0800524d   Thumb Code   124  fdiv.o(.text)
    __aeabi_dadd                             0x080052c9   Thumb Code   322  dadd.o(.text)
    __aeabi_dsub                             0x0800540b   Thumb Code     6  dadd.o(.text)
    __aeabi_drsub                            0x08005411   Thumb Code     6  dadd.o(.text)
    __aeabi_dmul                             0x08005417   Thumb Code   228  dmul.o(.text)
    __aeabi_ddiv                             0x080054fb   Thumb Code   222  ddiv.o(.text)
    __aeabi_i2f                              0x080055d9   Thumb Code    18  fflti.o(.text)
    __aeabi_ui2d                             0x080055eb   Thumb Code    26  dfltui.o(.text)
    __aeabi_f2iz                             0x08005605   Thumb Code    50  ffixi.o(.text)
    __aeabi_d2uiz                            0x08005637   Thumb Code    50  dfixui.o(.text)
    __aeabi_f2d                              0x08005669   Thumb Code    38  f2d.o(.text)
    __aeabi_d2f                              0x0800568f   Thumb Code    56  d2f.o(.text)
    __aeabi_uidiv                            0x080056c7   Thumb Code     0  uidiv.o(.text)
    __aeabi_uidivmod                         0x080056c7   Thumb Code    44  uidiv.o(.text)
    __aeabi_uldivmod                         0x080056f3   Thumb Code    98  uldiv.o(.text)
    __aeabi_llsl                             0x08005755   Thumb Code    30  llshl.o(.text)
    _ll_shift_l                              0x08005755   Thumb Code     0  llshl.o(.text)
    __aeabi_llsr                             0x08005773   Thumb Code    32  llushr.o(.text)
    _ll_ushift_r                             0x08005773   Thumb Code     0  llushr.o(.text)
    __aeabi_lasr                             0x08005793   Thumb Code    36  llsshr.o(.text)
    _ll_sshift_r                             0x08005793   Thumb Code     0  llsshr.o(.text)
    __I$use$fp                               0x080057b7   Thumb Code     0  iusefp.o(.text)
    _float_round                             0x080057b7   Thumb Code    18  fepilogue.o(.text)
    _float_epilogue                          0x080057c9   Thumb Code    92  fepilogue.o(.text)
    _double_round                            0x08005825   Thumb Code    30  depilogue.o(.text)
    _double_epilogue                         0x08005843   Thumb Code   156  depilogue.o(.text)
    __ARM_scalbn                             0x080058df   Thumb Code    46  dscalb.o(.text)
    scalbn                                   0x080058df   Thumb Code     0  dscalb.o(.text)
    __aeabi_i2d                              0x0800590d   Thumb Code    34  dflti.o(.text)
    __aeabi_d2ulz                            0x0800592f   Thumb Code    48  dfixul.o(.text)
    __aeabi_cdcmpeq                          0x08005961   Thumb Code     0  cdcmple.o(.text)
    __aeabi_cdcmple                          0x08005961   Thumb Code    48  cdcmple.o(.text)
    __aeabi_cdrcmple                         0x08005991   Thumb Code    48  cdrcmple.o(.text)
    __scatterload                            0x080059c1   Thumb Code    28  init.o(.text)
    __scatterload_rt2                        0x080059c1   Thumb Code     0  init.o(.text)
    __decompress                             0x080059e5   Thumb Code     0  __dczerorl2.o(.text)
    __decompress1                            0x080059e5   Thumb Code    86  __dczerorl2.o(.text)
    __0printf                                0x08005a3d   Thumb Code    22  printfa.o(i.__0printf)
    __1printf                                0x08005a3d   Thumb Code     0  printfa.o(i.__0printf)
    __2printf                                0x08005a3d   Thumb Code     0  printfa.o(i.__0printf)
    __c89printf                              0x08005a3d   Thumb Code     0  printfa.o(i.__0printf)
    printf                                   0x08005a3d   Thumb Code     0  printfa.o(i.__0printf)
    __0sprintf                               0x08005a5d   Thumb Code    34  printfa.o(i.__0sprintf)
    __1sprintf                               0x08005a5d   Thumb Code     0  printfa.o(i.__0sprintf)
    __2sprintf                               0x08005a5d   Thumb Code     0  printfa.o(i.__0sprintf)
    __c89sprintf                             0x08005a5d   Thumb Code     0  printfa.o(i.__0sprintf)
    sprintf                                  0x08005a5d   Thumb Code     0  printfa.o(i.__0sprintf)
    __kernel_poly                            0x08005a85   Thumb Code   170  poly.o(i.__kernel_poly)
    __mathlib_dbl_divzero                    0x08005b31   Thumb Code    12  dunder.o(i.__mathlib_dbl_divzero)
    __mathlib_dbl_infnan                     0x08005b41   Thumb Code     6  dunder.o(i.__mathlib_dbl_infnan)
    __mathlib_dbl_invalid                    0x08005b47   Thumb Code    12  dunder.o(i.__mathlib_dbl_invalid)
    __scatterload_copy                       0x08005b53   Thumb Code    14  handlers.o(i.__scatterload_copy)
    __scatterload_null                       0x08005b61   Thumb Code     2  handlers.o(i.__scatterload_null)
    __scatterload_zeroinit                   0x08005b63   Thumb Code    14  handlers.o(i.__scatterload_zeroinit)
    __set_errno                              0x08005b71   Thumb Code     6  errno.o(i.__set_errno)
    log                                      0x08006439   Thumb Code   808  log.o(i.log)
    __mathlib_zero                           0x080067d0   Data           8  qnan.o(.constdata)
    Region$$Table$$Base                      0x080067d8   Number         0  anon$$obj.o(Region$$Table)
    Region$$Table$$Limit                     0x080067f8   Number         0  anon$$obj.o(Region$$Table)
    BMS_DATA_FLAG                            0x20000000   Data           1  main.o(.data)
    datatemp                                 0x20000001   Data           2  main.o(.data)
    OV_FLAG                                  0x20000003   Data           1  main.o(.data)
    UV_FLAG                                  0x20000004   Data           1  main.o(.data)
    OC_FLAG                                  0x20000005   Data           1  main.o(.data)
    temp_up                                  0x20000006   Data           1  main.o(.data)
    FLASH_SIZE                               0x20000008   Data           4  main.o(.data)
    nTime                                    0x2000000c   Data           2  stm32f10x_it.o(.data)
    usUSART1ReceiveDataLength                0x2000000e   Data           2  stm32f10x_it.o(.data)
    usUSART1_ReceiveDataIndex                0x20000010   Data           2  stm32f10x_it.o(.data)
    usUSART1_LastDataIndex                   0x20000012   Data           2  stm32f10x_it.o(.data)
    cnt3                                     0x20000014   Data           4  stm32f10x_it.o(.data)
    cnt4                                     0x20000018   Data           4  stm32f10x_it.o(.data)
    n                                        0x2000001c   Data           4  stm32f10x_it.o(.data)
    Heartbeat                                0x20000020   Data           4  stm32f10x_it.o(.data)
    cnt                                      0x20000024   Data           4  stm32f10x_it.o(.data)
    cnt1_flag                                0x20000028   Data           1  stm32f10x_it.o(.data)
    Heartbeat_flag                           0x20000029   Data           1  stm32f10x_it.o(.data)
    SystemCoreClock                          0x20000040   Data           4  system_stm32f10x.o(.data)
    AHBPrescTable                            0x20000044   Data          16  system_stm32f10x.o(.data)
    __stdout                                 0x20000054   Data           4  usart.o(.data)
    p                                        0x20000058   Data           1  usart.o(.data)
    cmd                                      0x20000059   Data           1  usart.o(.data)
    cmdok                                    0x2000005a   Data           1  usart.o(.data)
    ok                                       0x2000005b   Data           1  usart.o(.data)
    val                                      0x2000005c   Data           4  usart.o(.data)
    USART_RX_STA                             0x20000060   Data           1  usart.o(.data)
    RX_BUF                                   0x20000061   Data           4  usart.o(.data)
    rx_flag_finished                         0x20000065   Data           1  usart.o(.data)
    rx_count                                 0x20000066   Data           1  usart.o(.data)
    ADC_offset                               0x20000068   Data           4  bq76930.o(.data)
    GAIN                                     0x2000006c   Data           4  bq76930.o(.data)
    ADC_GAIN                                 0x20000070   Data           4  bq76930.o(.data)
    shang                                    0x20000074   Data         500  bq76930.o(.data)
    shang1                                   0x20000268   Data          50  bq76930.o(.data)
    shang2                                   0x2000029a   Data          50  bq76930.o(.data)
    shang3                                   0x200002cc   Data          50  bq76930.o(.data)
    can_buf1                                 0x200002fe   Data           8  bq76930.o(.data)
    can_buf2                                 0x20000306   Data           8  bq76930.o(.data)
    can_buf3                                 0x2000030e   Data           8  bq76930.o(.data)
    can_buf4                                 0x20000316   Data           8  bq76930.o(.data)
    can_buf5                                 0x2000031e   Data           8  bq76930.o(.data)
    can_buf6                                 0x20000326   Data           8  bq76930.o(.data)
    can_buf7                                 0x2000032e   Data           8  bq76930.o(.data)
    SOC                                      0x20000338   Data           4  bq76930.o(.data)
    BQ769_INITAdd                            0x2000033c   Data          11  bq76930.o(.data)
    BQ769_INITdata                           0x20000347   Data          11  bq76930.o(.data)
    Tempval_2                                0x20000354   Data           4  bq76930.o(.data)
    imax                                     0x20000358   Data           4  bq76930.o(.data)
    imin                                     0x2000035c   Data           4  bq76930.o(.data)
    imaxp                                    0x20000360   Data           4  bq76930.o(.data)
    iminp                                    0x20000364   Data           4  bq76930.o(.data)
    BMS_sta                                  0x20000368   Data           1  bq76930.o(.data)
    DSG_STA                                  0x20000369   Data           1  bq76930.o(.data)
    CHG_STA                                  0x2000036a   Data           1  bq76930.o(.data)
    DSG_STA_FLAG                             0x2000036b   Data           1  bq76930.o(.data)
    CHG_STA_FLAG                             0x2000036c   Data           1  bq76930.o(.data)
    OT_Alarm_flag                            0x20000370   Data           4  bq76930.o(.data)
    UT_Alarm_flag                            0x20000374   Data           4  bq76930.o(.data)
    UV_Alarm_flag                            0x20000378   Data           4  bq76930.o(.data)
    OV_Alarm_flag                            0x2000037c   Data           4  bq76930.o(.data)
    SCD_Alarm_flag                           0x20000380   Data           4  bq76930.o(.data)
    OCD_Alarm_flag                           0x20000384   Data           4  bq76930.o(.data)
    ucUSART1_StopReceive                     0x20000388   Data           1  usart2.o(.data)
    ucUSART2_StopReceive                     0x20000389   Data           1  usart2.o(.data)
    ucUSART3_StopReceive                     0x2000038a   Data           1  usart2.o(.data)
    ucUSART1_ReceiveDataBuffer               0x20000390   Data        1024  stm32f10x_it.o(.bss)
    rch                                      0x20000790   Data          15  usart.o(.bss)
    USART_RX_BUF                             0x2000079f   Data          64  usart.o(.bss)
    Batteryval                               0x200007e0   Data         200  bq76930.o(.bss)
    __initial_sp                             0x20000ca8   Data           0  startup_stm32f10x_md.o(STACK)



==============================================================================

Memory Map of the image

  Image Entry point : 0x080000ed

  Load Region LR_IROM1 (Base: 0x08000000, Size: 0x00006b88, Max: 0x00010000, ABSOLUTE, COMPRESSED[0x00006850])

    Execution Region ER_IROM1 (Exec base: 0x08000000, Load base: 0x08000000, Size: 0x000067f8, Max: 0x00010000, ABSOLUTE)

    Exec Addr    Load Addr    Size         Type   Attr      Idx    E Section Name        Object

    0x08000000   0x08000000   0x000000ec   Data   RO            3    RESET               startup_stm32f10x_md.o
    0x080000ec   0x080000ec   0x00000000   Code   RO          705  * .ARM.Collect$$$$00000000  mc_w.l(entry.o)
    0x080000ec   0x080000ec   0x00000004   Code   RO         1012    .ARM.Collect$$$$00000001  mc_w.l(entry2.o)
    0x080000f0   0x080000f0   0x00000004   Code   RO         1015    .ARM.Collect$$$$00000004  mc_w.l(entry5.o)
    0x080000f4   0x080000f4   0x00000000   Code   RO         1017    .ARM.Collect$$$$00000008  mc_w.l(entry7b.o)
    0x080000f4   0x080000f4   0x00000000   Code   RO         1019    .ARM.Collect$$$$0000000A  mc_w.l(entry8b.o)
    0x080000f4   0x080000f4   0x00000008   Code   RO         1020    .ARM.Collect$$$$0000000B  mc_w.l(entry9a.o)
    0x080000fc   0x080000fc   0x00000000   Code   RO         1022    .ARM.Collect$$$$0000000D  mc_w.l(entry10a.o)
    0x080000fc   0x080000fc   0x00000000   Code   RO         1024    .ARM.Collect$$$$0000000F  mc_w.l(entry11a.o)
    0x080000fc   0x080000fc   0x00000004   Code   RO         1013    .ARM.Collect$$$$00002712  mc_w.l(entry2.o)
    0x08000100   0x08000100   0x00000024   Code   RO            4    .text               startup_stm32f10x_md.o
    0x08000124   0x08000124   0x00000398   Code   RO           10    .text               main.o
    0x080004bc   0x080004bc   0x000000c4   Code   RO          153    .text               stm32f10x_it.o
    0x08000580   0x08000580   0x000000dc   Code   RO          222    .text               misc.o
    0x0800065c   0x0800065c   0x000009f0   Code   RO          258    .text               stm32f10x_can.o
    0x0800104c   0x0800104c   0x0000035c   Code   RO          369    .text               stm32f10x_gpio.o
    0x080013a8   0x080013a8   0x00000040   Code   RO          393    .text               stm32f10x_iwdg.o
    0x080013e8   0x080013e8   0x000003a4   Code   RO          417    .text               stm32f10x_rcc.o
    0x0800178c   0x0800178c   0x00000e1a   Code   RO          467    .text               stm32f10x_tim.o
    0x080025a6   0x080025a6   0x00000002   PAD
    0x080025a8   0x080025a8   0x00000408   Code   RO          479    .text               stm32f10x_usart.o
    0x080029b0   0x080029b0   0x000001e0   Code   RO          503    .text               system_stm32f10x.o
    0x08002b90   0x08002b90   0x00000044   Code   RO          540    .text               led.o
    0x08002bd4   0x08002bd4   0x00000098   Code   RO          555    .text               systick.o
    0x08002c6c   0x08002c6c   0x00000514   Code   RO          572    .text               usart.o
    0x08003180   0x08003180   0x00001120   Code   RO          595    .text               bq76930.o
    0x080042a0   0x080042a0   0x0000048c   Code   RO          617    .text               i2c1.o
    0x0800472c   0x0800472c   0x0000006c   Code   RO          629    .text               io_ctrl.o
    0x08004798   0x08004798   0x0000016c   Code   RO          641    .text               timer.o
    0x08004904   0x08004904   0x0000002c   Code   RO          656    .text               wdg.o
    0x08004930   0x08004930   0x0000066c   Code   RO          668    .text               usart2.o
    0x08004f9c   0x08004f9c   0x00000178   Code   RO          683    .text               can.o
    0x08005114   0x08005114   0x00000024   Code   RO          708    .text               mc_w.l(memseta.o)
    0x08005138   0x08005138   0x000000b0   Code   RO          971    .text               mf_w.l(fadd.o)
    0x080051e8   0x080051e8   0x00000064   Code   RO          973    .text               mf_w.l(fmul.o)
    0x0800524c   0x0800524c   0x0000007c   Code   RO          975    .text               mf_w.l(fdiv.o)
    0x080052c8   0x080052c8   0x0000014e   Code   RO          977    .text               mf_w.l(dadd.o)
    0x08005416   0x08005416   0x000000e4   Code   RO          979    .text               mf_w.l(dmul.o)
    0x080054fa   0x080054fa   0x000000de   Code   RO          981    .text               mf_w.l(ddiv.o)
    0x080055d8   0x080055d8   0x00000012   Code   RO          983    .text               mf_w.l(fflti.o)
    0x080055ea   0x080055ea   0x0000001a   Code   RO          985    .text               mf_w.l(dfltui.o)
    0x08005604   0x08005604   0x00000032   Code   RO          987    .text               mf_w.l(ffixi.o)
    0x08005636   0x08005636   0x00000032   Code   RO          989    .text               mf_w.l(dfixui.o)
    0x08005668   0x08005668   0x00000026   Code   RO          991    .text               mf_w.l(f2d.o)
    0x0800568e   0x0800568e   0x00000038   Code   RO          993    .text               mf_w.l(d2f.o)
    0x080056c6   0x080056c6   0x0000002c   Code   RO         1026    .text               mc_w.l(uidiv.o)
    0x080056f2   0x080056f2   0x00000062   Code   RO         1028    .text               mc_w.l(uldiv.o)
    0x08005754   0x08005754   0x0000001e   Code   RO         1030    .text               mc_w.l(llshl.o)
    0x08005772   0x08005772   0x00000020   Code   RO         1032    .text               mc_w.l(llushr.o)
    0x08005792   0x08005792   0x00000024   Code   RO         1034    .text               mc_w.l(llsshr.o)
    0x080057b6   0x080057b6   0x00000000   Code   RO         1043    .text               mc_w.l(iusefp.o)
    0x080057b6   0x080057b6   0x0000006e   Code   RO         1044    .text               mf_w.l(fepilogue.o)
    0x08005824   0x08005824   0x000000ba   Code   RO         1046    .text               mf_w.l(depilogue.o)
    0x080058de   0x080058de   0x0000002e   Code   RO         1048    .text               mf_w.l(dscalb.o)
    0x0800590c   0x0800590c   0x00000022   Code   RO         1050    .text               mf_w.l(dflti.o)
    0x0800592e   0x0800592e   0x00000030   Code   RO         1052    .text               mf_w.l(dfixul.o)
    0x0800595e   0x0800595e   0x00000002   PAD
    0x08005960   0x08005960   0x00000030   Code   RO         1054    .text               mf_w.l(cdcmple.o)
    0x08005990   0x08005990   0x00000030   Code   RO         1056    .text               mf_w.l(cdrcmple.o)
    0x080059c0   0x080059c0   0x00000024   Code   RO         1058    .text               mc_w.l(init.o)
    0x080059e4   0x080059e4   0x00000056   Code   RO         1068    .text               mc_w.l(__dczerorl2.o)
    0x08005a3a   0x08005a3a   0x00000002   PAD
    0x08005a3c   0x08005a3c   0x00000020   Code   RO          943    i.__0printf         mc_w.l(printfa.o)
    0x08005a5c   0x08005a5c   0x00000028   Code   RO          945    i.__0sprintf        mc_w.l(printfa.o)
    0x08005a84   0x08005a84   0x000000aa   Code   RO         1009    i.__kernel_poly     m_ws.l(poly.o)
    0x08005b2e   0x08005b2e   0x00000002   PAD
    0x08005b30   0x08005b30   0x00000010   Code   RO          995    i.__mathlib_dbl_divzero  m_ws.l(dunder.o)
    0x08005b40   0x08005b40   0x00000006   Code   RO          996    i.__mathlib_dbl_infnan  m_ws.l(dunder.o)
    0x08005b46   0x08005b46   0x0000000c   Code   RO          998    i.__mathlib_dbl_invalid  m_ws.l(dunder.o)
    0x08005b52   0x08005b52   0x0000000e   Code   RO         1062    i.__scatterload_copy  mc_w.l(handlers.o)
    0x08005b60   0x08005b60   0x00000002   Code   RO         1063    i.__scatterload_null  mc_w.l(handlers.o)
    0x08005b62   0x08005b62   0x0000000e   Code   RO         1064    i.__scatterload_zeroinit  mc_w.l(handlers.o)
    0x08005b70   0x08005b70   0x0000000c   Code   RO         1038    i.__set_errno       mc_w.l(errno.o)
    0x08005b7c   0x08005b7c   0x00000184   Code   RO          950    i._fp_digits        mc_w.l(printfa.o)
    0x08005d00   0x08005d00   0x000006dc   Code   RO          951    i._printf_core      mc_w.l(printfa.o)
    0x080063dc   0x080063dc   0x00000024   Code   RO          952    i._printf_post_padding  mc_w.l(printfa.o)
    0x08006400   0x08006400   0x0000002e   Code   RO          953    i._printf_pre_padding  mc_w.l(printfa.o)
    0x0800642e   0x0800642e   0x0000000a   Code   RO          955    i._sputc            mc_w.l(printfa.o)
    0x08006438   0x08006438   0x0000035c   Code   RO          696    i.log               m_ws.l(log.o)
    0x08006794   0x08006794   0x00000004   PAD
    0x08006798   0x08006798   0x00000038   Data   RO          697    .constdata          m_ws.l(log.o)
    0x080067d0   0x080067d0   0x00000008   Data   RO         1011    .constdata          m_ws.l(qnan.o)
    0x080067d8   0x080067d8   0x00000020   Data   RO         1060    Region$$Table       anon$$obj.o


    Execution Region RW_IRAM1 (Exec base: 0x20000000, Load base: 0x080067f8, Size: 0x00000ca8, Max: 0x00005000, ABSOLUTE, COMPRESSED[0x00000058])

    Exec Addr    Load Addr    Size         Type   Attr      Idx    E Section Name        Object

    0x20000000   COMPRESSED   0x0000000c   Data   RW           12    .data               main.o
    0x2000000c   COMPRESSED   0x0000001e   Data   RW          155    .data               stm32f10x_it.o
    0x2000002a   COMPRESSED   0x00000014   Data   RW          418    .data               stm32f10x_rcc.o
    0x2000003e   COMPRESSED   0x00000002   PAD
    0x20000040   COMPRESSED   0x00000014   Data   RW          504    .data               system_stm32f10x.o
    0x20000054   COMPRESSED   0x00000013   Data   RW          574    .data               usart.o
    0x20000067   COMPRESSED   0x00000001   PAD
    0x20000068   COMPRESSED   0x00000320   Data   RW          597    .data               bq76930.o
    0x20000388   COMPRESSED   0x00000003   Data   RW          669    .data               usart2.o
    0x2000038b   COMPRESSED   0x00000001   PAD
    0x2000038c   COMPRESSED   0x00000004   Data   RW         1039    .data               mc_w.l(errno.o)
    0x20000390        -       0x00000400   Zero   RW          154    .bss                stm32f10x_it.o
    0x20000790        -       0x0000004f   Zero   RW          573    .bss                usart.o
    0x200007df   COMPRESSED   0x00000001   PAD
    0x200007e0        -       0x000000c8   Zero   RW          596    .bss                bq76930.o
    0x200008a8        -       0x00000400   Zero   RW            1    STACK               startup_stm32f10x_md.o


==============================================================================

Image component sizes


      Code (inc. data)   RO Data    RW Data    ZI Data      Debug   Object Name

      4384        696          0        800        200      12401   bq76930.o
       376         10          0          0          0       2233   can.o
      1164          6          0          0          0       4728   i2c1.o
       108         12          0          0          0        593   io_ctrl.o
        68          6          0          0          0        737   led.o
       920         98          0         12          0     209093   main.o
       220         22          0          0          0       2057   misc.o
        36          8        236          0       1024        988   startup_stm32f10x_md.o
      2544         38          0          0          0       8284   stm32f10x_can.o
       860         38          0          0          0       5989   stm32f10x_gpio.o
       196         20          0         30       1024     259459   stm32f10x_it.o
        64          6          0          0          0       1393   stm32f10x_iwdg.o
       932         36          0         20          0       9256   stm32f10x_rcc.o
      3610         88          0          0          0      23096   stm32f10x_tim.o
      1032         22          0          0          0       8712   stm32f10x_usart.o
       480         38          0         20          0       2259   system_stm32f10x.o
       152         20          0          0          0      16356   systick.o
       364          8          0          0          0       1451   timer.o
      1300         56          0         19         79       5349   usart.o
      1644         38          0          3          0       4331   usart2.o
        44          0          0          0          0        718   wdg.o

    ----------------------------------------------------------------------
     20500       1266        268        908       2328     579483   Object Totals
         0          0         32          0          0          0   (incl. Generated)
         2          0          0          4          1          0   (incl. Padding)

    ----------------------------------------------------------------------

      Code (inc. data)   RO Data    RW Data    ZI Data      Debug   Library Member Name

        34          4          0          0          0        204   dunder.o
       860         52         56          0          0        256   log.o
       170          0          0          0          0         96   poly.o
         0          0          8          0          0          0   qnan.o
        86          0          0          0          0          0   __dczerorl2.o
         0          0          0          0          0          0   entry.o
         0          0          0          0          0          0   entry10a.o
         0          0          0          0          0          0   entry11a.o
         8          4          0          0          0          0   entry2.o
         4          0          0          0          0          0   entry5.o
         0          0          0          0          0          0   entry7b.o
         0          0          0          0          0          0   entry8b.o
         8          4          0          0          0          0   entry9a.o
        12          6          0          4          0         68   errno.o
        30          0          0          0          0          0   handlers.o
        36          8          0          0          0         68   init.o
         0          0          0          0          0          0   iusefp.o
        30          0          0          0          0         68   llshl.o
        36          0          0          0          0         68   llsshr.o
        32          0          0          0          0         68   llushr.o
        36          0          0          0          0        108   memseta.o
      2308         96          0          0          0        604   printfa.o
        44          0          0          0          0         80   uidiv.o
        98          0          0          0          0         92   uldiv.o
        48          0          0          0          0         68   cdcmple.o
        48          0          0          0          0         68   cdrcmple.o
        56          0          0          0          0         88   d2f.o
       334          0          0          0          0        148   dadd.o
       222          0          0          0          0        100   ddiv.o
       186          0          0          0          0        176   depilogue.o
        50          0          0          0          0         76   dfixui.o
        48          0          0          0          0         68   dfixul.o
        34          0          0          0          0         76   dflti.o
        26          0          0          0          0         76   dfltui.o
       228          0          0          0          0         96   dmul.o
        46          0          0          0          0         80   dscalb.o
        38          0          0          0          0         68   f2d.o
       176          0          0          0          0        140   fadd.o
       124          0          0          0          0         88   fdiv.o
       110          0          0          0          0        168   fepilogue.o
        50          0          0          0          0         68   ffixi.o
        18          0          0          0          0         68   fflti.o
       100          0          0          0          0         76   fmul.o

    ----------------------------------------------------------------------
      5784        178         64          4          0       3576   Library Totals
        10          4          0          0          0          0   (incl. Padding)

    ----------------------------------------------------------------------

      Code (inc. data)   RO Data    RW Data    ZI Data      Debug   Library Name

      1064         56         64          0          0        556   m_ws.l
      2768        118          0          4          0       1224   mc_w.l
      1942          0          0          0          0       1796   mf_w.l

    ----------------------------------------------------------------------
      5784        178         64          4          0       3576   Library Totals

    ----------------------------------------------------------------------

==============================================================================


      Code (inc. data)   RO Data    RW Data    ZI Data      Debug   

     26284       1444        332        912       2328     579339   Grand Totals
     26284       1444        332         88       2328     579339   ELF Image Totals (compressed)
     26284       1444        332         88          0          0   ROM Totals

==============================================================================

    Total RO  Size (Code + RO Data)                26616 (  25.99kB)
    Total RW  Size (RW Data + ZI Data)              3240 (   3.16kB)
    Total ROM Size (Code + RO Data + RW Data)      26704 (  26.08kB)

==============================================================================

