<html>
<body>
<pre>
<h1>礦ision Build Log</h1>
<h2>Tool Versions:</h2>
IDE-Version: μVision V5.25.0.0
Copyright (C) 2017 ARM Ltd and ARM Germany GmbH. All rights reserved.
License Information: DSD Administrator, DSDS, LIC=8VRJ7-ERM1B-GKUBG-V7VWI-Q96MH-EMG8S
 
Tool Versions:
Toolchain:       MDK-ARM Plus  Version: 5.25.0.0
Toolchain Path:  D:\Keil_v5\ARM\ARMCC\Bin
C Compiler:      Armcc.exe V5.06 update 6 (build 750)
Assembler:       Armasm.exe V5.06 update 6 (build 750)
Linker/Locator:  ArmLink.exe V5.06 update 6 (build 750)
Library Manager: ArmAr.exe V5.06 update 6 (build 750)
Hex Converter:   FromElf.exe V5.06 update 6 (build 750)
CPU DLL:         SARMCM3.DLL V5.25.0.0
Dialog DLL:      DCM.DLL V1.17.0.0
Target DLL:      UL2CM3.DLL V1.160.6.0
Dialog DLL:      TCM.DLL V1.34.0.0
 
<h2>Project:</h2>
G:\学习资料\OTHER\2023年项目\bq76930\BQ76930发货资料（20230620）\3.程序\1.程序20230620配bq76930\Project\MDK-ARM\BMS_DEMO.uvprojx
Project File Date:  01/15/2024

<h2>Output:</h2>
*** Using Compiler 'V5.06 update 6 (build 750)', folder: 'D:\Keil_v5\ARM\ARMCC\Bin'
Build target 'I2C_DEMO'
compiling main.c...
..\main.c(97): warning:  #188-D: enumerated type mixed with another type
  	  PB15_ONOFF(1);	  
..\main.c: 1 warning, 0 errors
linking...
Program Size: Code=26284 RO-data=332 RW-data=912 ZI-data=2328  
FromELF: creating hex file...
".\obj\BMS_DEMO.axf" - 0 Error(s), 1 Warning(s).

<h2>Software Packages used:</h2>

Package Vendor: ARM
                http://www.keil.com/pack/ARM.CMSIS.5.2.0.pack
                ARM.CMSIS.5.2.0
                CMSIS (Cortex Microcontroller Software Interface Standard)
   * Component: CORE Version: 5.0.2

Package Vendor: Keil
                http://www.keil.com/pack/Keil.STM32F1xx_DFP.2.3.0.pack
                Keil.STM32F1xx_DFP.2.3.0
                STMicroelectronics STM32F1 Series Device Support, Drivers and Examples

<h2>Collection of Component include folders:</h2>
  .\RTE\_I2C_DEMO
  D:\Keil_v5\ARM\PACK\ARM\CMSIS\5.2.0\CMSIS\Include
  D:\Keil_v5\ARM\PACK\Keil\STM32F1xx_DFP\2.3.0\Device\Include

<h2>Collection of Component Files used:</h2>

   * Component: ARM::CMSIS:CORE:5.0.2
Build Time Elapsed:  00:00:02
</pre>
</body>
</html>
