<html>
<body>
<pre>
<h1>礦ision Build Log</h1>
<h2>Project:</h2>
E:\工作空间\项目一：电摩\BMS——测试程序\BMS_protect\Project\MDK-ARM\BMS_DEMO.uvprojx
Project File Date:  03/27/2019

<h2>Output:</h2>
*** Note: Rebuilding project, since 'Options->Output->Create Batch File' is selected.
Rebuild target 'I2C_DEMO'
assembling startup_stm32f10x_md.s...
compiling main.c...
compiling stm32f10x_it.c...
compiling misc.c...
compiling stm32f10x_adc.c...
compiling stm32f10x_bkp.c...
compiling stm32f10x_can.c...
compiling stm32f10x_cec.c...
compiling stm32f10x_crc.c...
compiling stm32f10x_dac.c...
compiling stm32f10x_dbgmcu.c...
compiling stm32f10x_dma.c...
compiling stm32f10x_exti.c...
compiling stm32f10x_flash.c...
compiling stm32f10x_fsmc.c...
compiling stm32f10x_gpio.c...
compiling stm32f10x_i2c.c...
compiling stm32f10x_iwdg.c...
compiling stm32f10x_pwr.c...
compiling stm32f10x_rcc.c...
compiling stm32f10x_rtc.c...
compiling stm32f10x_sdio.c...
compiling stm32f10x_spi.c...
compiling stm32f10x_tim.c...
compiling stm32f10x_usart.c...
compiling stm32f10x_wwdg.c...
compiling system_stm32f10x.c...
compiling led.c...
compiling systick.c...
compiling usart.c...
compiling i2c.c...
..\..\BSP\i2c.c(324): warning:  #223-D: function "memcmp" declared implicitly
                if(  memcmp(WriteBuffer,ReadBuffer,sizeof(WriteBuffer)) == 0 ) /* 匹配数据 */
..\..\BSP\i2c.c: 1 warning, 0 errors
compiling BQ76930.c...
..\..\BSP\BQ76930.c(40): warning:  #550-D: variable "battery1val" was set but never used
    char battery1val[2];
..\..\BSP\BQ76930.c(63): warning:  #550-D: variable "battery2val" was set but never used
    char battery2val[2];
..\..\BSP\BQ76930.c(85): warning:  #550-D: variable "battery3val" was set but never used
    char battery3val[2];
..\..\BSP\BQ76930.c(104): warning:  #550-D: variable "battery4val" was set but never used
    char battery4val[2];
..\..\BSP\BQ76930.c(123): warning:  #550-D: variable "battery5val" was set but never used
   char battery5val[2];
..\..\BSP\BQ76930.c(143): warning:  #550-D: variable "battery6val" was set but never used
   char battery6val[2];
..\..\BSP\BQ76930.c(162): warning:  #550-D: variable "battery7val" was set but never used
    char battery7val[2];
..\..\BSP\BQ76930.c(181): warning:  #550-D: variable "battery8val" was set but never used
    char battery8val[2];
..\..\BSP\BQ76930.c(201): warning:  #550-D: variable "battery9val" was set but never used
    char battery9val[2];
..\..\BSP\BQ76930.c(220): warning:  #550-D: variable "battery10val" was set but never used
    char battery10val[2];
..\..\BSP\BQ76930.c: 10 warnings, 0 errors
linking...
Program Size: Code=9160 RO-data=268 RW-data=164 ZI-data=1028  
FromELF: creating hex file...
".\obj\BMS_DEMO.axf" - 0 Error(s), 11 Warning(s).

<h2>Software Packages used:</h2>

Package Vendor: ARM
                http://www.keil.com/pack/ARM.CMSIS.4.1.1.pack
                ARM::CMSIS:CORE:3.30.0
                CMSIS (Cortex Microcontroller Software Interface Standard)
   * Component: CORE Version: 3.30.0

<h2>Collection of Component include folders:</h2>
  E:\工作空间\项目一：电摩\BMS——测试程序\BMS_protect\Project\MDK-ARM\RTE
  C:\Keil_v5\ARM\PACK\ARM\CMSIS\4.1.1\CMSIS\Include

<h2>Collection of Component Files used:</h2>

   * Component: ARM::CMSIS:CORE:3.30.0
      Source file:   CMSIS\UserCodeTemplates\ARM\ITM_Retarget.c
